Archive member included to satisfy reference by file (symbol)

c:/st/stm32cubeide_1.5.0/stm32cubeide/plugins/com.st.stm32cube.ide.mcu.externaltools.gnu-tools-for-stm32.9-2020-q2-update.win32_1.5.0.202011040924/tools/bin/../lib/gcc/arm-none-eabi/9.3.1/../../../../arm-none-eabi/lib/thumb/v7e-m+fp/hard\libc_nano.a(lib_a-errno.o)
                              Core/Src/syscalls.o (__errno)
c:/st/stm32cubeide_1.5.0/stm32cubeide/plugins/com.st.stm32cube.ide.mcu.externaltools.gnu-tools-for-stm32.9-2020-q2-update.win32_1.5.0.202011040924/tools/bin/../lib/gcc/arm-none-eabi/9.3.1/../../../../arm-none-eabi/lib/thumb/v7e-m+fp/hard\libc_nano.a(lib_a-exit.o)
                              c:/st/stm32cubeide_1.5.0/stm32cubeide/plugins/com.st.stm32cube.ide.mcu.externaltools.gnu-tools-for-stm32.9-2020-q2-update.win32_1.5.0.202011040924/tools/bin/../lib/gcc/arm-none-eabi/9.3.1/../../../../arm-none-eabi/lib/thumb/v7e-m+fp/hard/crt0.o (exit)
c:/st/stm32cubeide_1.5.0/stm32cubeide/plugins/com.st.stm32cube.ide.mcu.externaltools.gnu-tools-for-stm32.9-2020-q2-update.win32_1.5.0.202011040924/tools/bin/../lib/gcc/arm-none-eabi/9.3.1/../../../../arm-none-eabi/lib/thumb/v7e-m+fp/hard\libc_nano.a(lib_a-impure.o)
                              c:/st/stm32cubeide_1.5.0/stm32cubeide/plugins/com.st.stm32cube.ide.mcu.externaltools.gnu-tools-for-stm32.9-2020-q2-update.win32_1.5.0.202011040924/tools/bin/../lib/gcc/arm-none-eabi/9.3.1/../../../../arm-none-eabi/lib/thumb/v7e-m+fp/hard\libc_nano.a(lib_a-exit.o) (_global_impure_ptr)
c:/st/stm32cubeide_1.5.0/stm32cubeide/plugins/com.st.stm32cube.ide.mcu.externaltools.gnu-tools-for-stm32.9-2020-q2-update.win32_1.5.0.202011040924/tools/bin/../lib/gcc/arm-none-eabi/9.3.1/../../../../arm-none-eabi/lib/thumb/v7e-m+fp/hard\libc_nano.a(lib_a-init.o)
                              c:/st/stm32cubeide_1.5.0/stm32cubeide/plugins/com.st.stm32cube.ide.mcu.externaltools.gnu-tools-for-stm32.9-2020-q2-update.win32_1.5.0.202011040924/tools/bin/../lib/gcc/arm-none-eabi/9.3.1/../../../../arm-none-eabi/lib/thumb/v7e-m+fp/hard/crt0.o (__libc_init_array)
c:/st/stm32cubeide_1.5.0/stm32cubeide/plugins/com.st.stm32cube.ide.mcu.externaltools.gnu-tools-for-stm32.9-2020-q2-update.win32_1.5.0.202011040924/tools/bin/../lib/gcc/arm-none-eabi/9.3.1/../../../../arm-none-eabi/lib/thumb/v7e-m+fp/hard\libc_nano.a(lib_a-memset.o)
                              c:/st/stm32cubeide_1.5.0/stm32cubeide/plugins/com.st.stm32cube.ide.mcu.externaltools.gnu-tools-for-stm32.9-2020-q2-update.win32_1.5.0.202011040924/tools/bin/../lib/gcc/arm-none-eabi/9.3.1/../../../../arm-none-eabi/lib/thumb/v7e-m+fp/hard/crt0.o (memset)
c:/st/stm32cubeide_1.5.0/stm32cubeide/plugins/com.st.stm32cube.ide.mcu.externaltools.gnu-tools-for-stm32.9-2020-q2-update.win32_1.5.0.202011040924/tools/bin/../lib/gcc/arm-none-eabi/9.3.1/thumb/v7e-m+fp/hard\libgcc.a(_aeabi_uldivmod.o)
                              Drivers/STM32F4xx_HAL_Driver/Src/stm32f4xx_hal_rcc.o (__aeabi_uldivmod)
c:/st/stm32cubeide_1.5.0/stm32cubeide/plugins/com.st.stm32cube.ide.mcu.externaltools.gnu-tools-for-stm32.9-2020-q2-update.win32_1.5.0.202011040924/tools/bin/../lib/gcc/arm-none-eabi/9.3.1/thumb/v7e-m+fp/hard\libgcc.a(_udivmoddi4.o)
                              c:/st/stm32cubeide_1.5.0/stm32cubeide/plugins/com.st.stm32cube.ide.mcu.externaltools.gnu-tools-for-stm32.9-2020-q2-update.win32_1.5.0.202011040924/tools/bin/../lib/gcc/arm-none-eabi/9.3.1/thumb/v7e-m+fp/hard\libgcc.a(_aeabi_uldivmod.o) (__udivmoddi4)
c:/st/stm32cubeide_1.5.0/stm32cubeide/plugins/com.st.stm32cube.ide.mcu.externaltools.gnu-tools-for-stm32.9-2020-q2-update.win32_1.5.0.202011040924/tools/bin/../lib/gcc/arm-none-eabi/9.3.1/thumb/v7e-m+fp/hard\libgcc.a(_dvmd_tls.o)
                              c:/st/stm32cubeide_1.5.0/stm32cubeide/plugins/com.st.stm32cube.ide.mcu.externaltools.gnu-tools-for-stm32.9-2020-q2-update.win32_1.5.0.202011040924/tools/bin/../lib/gcc/arm-none-eabi/9.3.1/thumb/v7e-m+fp/hard\libgcc.a(_aeabi_uldivmod.o) (__aeabi_ldiv0)

Allocating common symbols
Common symbol       size              file

hUsbDeviceFS        0x2d0             USB_DEVICE/App/usb_device.o
usb_rx_buffer       0x40              Core/Src/main.o
hpcd_USB_OTG_FS     0x408             USB_DEVICE/Target/usbd_conf.o
uwTick              0x4               Drivers/STM32F4xx_HAL_Driver/Src/stm32f4xx_hal.o
pFlash              0x20              Drivers/STM32F4xx_HAL_Driver/Src/stm32f4xx_hal_flash.o
i                   0x1               Core/Src/main.o
USBD_StrDesc        0x200             USB_DEVICE/App/usbd_desc.o

Discarded input sections

 .text          0x0000000000000000        0x0 c:/st/stm32cubeide_1.5.0/stm32cubeide/plugins/com.st.stm32cube.ide.mcu.externaltools.gnu-tools-for-stm32.9-2020-q2-update.win32_1.5.0.202011040924/tools/bin/../lib/gcc/arm-none-eabi/9.3.1/thumb/v7e-m+fp/hard/crti.o
[...]
Memory Configuration

Name             Origin             Length             Attributes
RAM              0x0000000020000000 0x0000000000020000 xrw
FLASH            0x0000000008000000 0x0000000000080000 xr
*default*        0x0000000000000000 0xffffffffffffffff

Linker script and memory map

LOAD c:/st/stm32cubeide_1.5.0/stm32cubeide/plugins/com.st.stm32cube.ide.mcu.externaltools.gnu-tools-for-stm32.9-2020-q2-update.win32_1.5.0.202011040924/tools/bin/../lib/gcc/arm-none-eabi/9.3.1/thumb/v7e-m+fp/hard/crti.o
LOAD c:/st/stm32cubeide_1.5.0/stm32cubeide/plugins/com.st.stm32cube.ide.mcu.externaltools.gnu-tools-for-stm32.9-2020-q2-update.win32_1.5.0.202011040924/tools/bin/../lib/gcc/arm-none-eabi/9.3.1/thumb/v7e-m+fp/hard/crtbegin.o
LOAD c:/st/stm32cubeide_1.5.0/stm32cubeide/plugins/com.st.stm32cube.ide.mcu.externaltools.gnu-tools-for-stm32.9-2020-q2-update.win32_1.5.0.202011040924/tools/bin/../lib/gcc/arm-none-eabi/9.3.1/../../../../arm-none-eabi/lib/thumb/v7e-m+fp/hard/crt0.o
LOAD Core/Src/main.o
LOAD Core/Src/stm32f4xx_hal_msp.o
LOAD Core/Src/stm32f4xx_it.o
LOAD Core/Src/syscalls.o
LOAD Core/Src/sysmem.o
LOAD Core/Src/system_stm32f4xx.o
LOAD Core/Startup/startup_stm32f411vetx.o
LOAD Drivers/STM32F4xx_HAL_Driver/Src/stm32f4xx_hal.o
LOAD Drivers/STM32F4xx_HAL_Driver/Src/stm32f4xx_hal_cortex.o
LOAD Drivers/STM32F4xx_HAL_Driver/Src/stm32f4xx_hal_dma.o
LOAD Drivers/STM32F4xx_HAL_Driver/Src/stm32f4xx_hal_dma_ex.o
LOAD Drivers/STM32F4xx_HAL_Driver/Src/stm32f4xx_hal_exti.o
LOAD Drivers/STM32F4xx_HAL_Driver/Src/stm32f4xx_hal_flash.o
LOAD Drivers/STM32F4xx_HAL_Driver/Src/stm32f4xx_hal_flash_ex.o
LOAD Drivers/STM32F4xx_HAL_Driver/Src/stm32f4xx_hal_flash_ramfunc.o
LOAD Drivers/STM32F4xx_HAL_Driver/Src/stm32f4xx_hal_gpio.o
LOAD Drivers/STM32F4xx_HAL_Driver/Src/stm32f4xx_hal_pcd.o
LOAD Drivers/STM32F4xx_HAL_Driver/Src/stm32f4xx_hal_pcd_ex.o
LOAD Drivers/STM32F4xx_HAL_Driver/Src/stm32f4xx_hal_pwr.o
LOAD Drivers/STM32F4xx_HAL_Driver/Src/stm32f4xx_hal_pwr_ex.o
LOAD Drivers/STM32F4xx_HAL_Driver/Src/stm32f4xx_hal_rcc.o
LOAD Drivers/STM32F4xx_HAL_Driver/Src/stm32f4xx_hal_rcc_ex.o
LOAD Drivers/STM32F4xx_HAL_Driver/Src/stm32f4xx_hal_tim.o
LOAD Drivers/STM32F4xx_HAL_Driver/Src/stm32f4xx_hal_tim_ex.o
LOAD Drivers/STM32F4xx_HAL_Driver/Src/stm32f4xx_ll_usb.o
LOAD Middlewares/ST/STM32_USB_Device_Library/Class/CustomHID/Src/usbd_customhid.o
LOAD Middlewares/ST/STM32_USB_Device_Library/Core/Src/usbd_core.o
LOAD Middlewares/ST/STM32_USB_Device_Library/Core/Src/usbd_ctlreq.o
LOAD Middlewares/ST/STM32_USB_Device_Library/Core/Src/usbd_ioreq.o
LOAD USB_DEVICE/App/usb_device.o
LOAD USB_DEVICE/App/usbd_custom_hid_if.o
LOAD USB_DEVICE/App/usbd_desc.o
LOAD USB_DEVICE/Target/usbd_conf.o
START GROUP
LOAD c:/st/stm32cubeide_1.5.0/stm32cubeide/plugins/com.st.stm32cube.ide.mcu.externaltools.gnu-tools-for-stm32.9-2020-q2-update.win32_1.5.0.202011040924/tools/bin/../lib/gcc/arm-none-eabi/9.3.1/../../../../arm-none-eabi/lib/thumb/v7e-m+fp/hard\libc_nano.a
LOAD c:/st/stm32cubeide_1.5.0/stm32cubeide/plugins/com.st.stm32cube.ide.mcu.externaltools.gnu-tools-for-stm32.9-2020-q2-update.win32_1.5.0.202011040924/tools/bin/../lib/gcc/arm-none-eabi/9.3.1/../../../../arm-none-eabi/lib/thumb/v7e-m+fp/hard\libm.a
END GROUP
START GROUP
LOAD c:/st/stm32cubeide_1.5.0/stm32cubeide/plugins/com.st.stm32cube.ide.mcu.externaltools.gnu-tools-for-stm32.9-2020-q2-update.win32_1.5.0.202011040924/tools/bin/../lib/gcc/arm-none-eabi/9.3.1/thumb/v7e-m+fp/hard\libgcc.a
LOAD c:/st/stm32cubeide_1.5.0/stm32cubeide/plugins/com.st.stm32cube.ide.mcu.externaltools.gnu-tools-for-stm32.9-2020-q2-update.win32_1.5.0.202011040924/tools/bin/../lib/gcc/arm-none-eabi/9.3.1/../../../../arm-none-eabi/lib/thumb/v7e-m+fp/hard\libc_nano.a
END GROUP
START GROUP
LOAD c:/st/stm32cubeide_1.5.0/stm32cubeide/plugins/com.st.stm32cube.ide.mcu.externaltools.gnu-tools-for-stm32.9-2020-q2-update.win32_1.5.0.202011040924/tools/bin/../lib/gcc/arm-none-eabi/9.3.1/thumb/v7e-m+fp/hard\libgcc.a
LOAD c:/st/stm32cubeide_1.5.0/stm32cubeide/plugins/com.st.stm32cube.ide.mcu.externaltools.gnu-tools-for-stm32.9-2020-q2-update.win32_1.5.0.202011040924/tools/bin/../lib/gcc/arm-none-eabi/9.3.1/../../../../arm-none-eabi/lib/thumb/v7e-m+fp/hard\libc_nano.a
LOAD c:/st/stm32cubeide_1.5.0/stm32cubeide/plugins/com.st.stm32cube.ide.mcu.externaltools.gnu-tools-for-stm32.9-2020-q2-update.win32_1.5.0.202011040924/tools/bin/../lib/gcc/arm-none-eabi/9.3.1/../../../../arm-none-eabi/lib/thumb/v7e-m+fp/hard\libnosys.a
END GROUP
START GROUP
LOAD c:/st/stm32cubeide_1.5.0/stm32cubeide/plugins/com.st.stm32cube.ide.mcu.externaltools.gnu-tools-for-stm32.9-2020-q2-update.win32_1.5.0.202011040924/tools/bin/../lib/gcc/arm-none-eabi/9.3.1/thumb/v7e-m+fp/hard\libgcc.a
LOAD c:/st/stm32cubeide_1.5.0/stm32cubeide/plugins/com.st.stm32cube.ide.mcu.externaltools.gnu-tools-for-stm32.9-2020-q2-update.win32_1.5.0.202011040924/tools/bin/../lib/gcc/arm-none-eabi/9.3.1/../../../../arm-none-eabi/lib/thumb/v7e-m+fp/hard\libc_nano.a
LOAD c:/st/stm32cubeide_1.5.0/stm32cubeide/plugins/com.st.stm32cube.ide.mcu.externaltools.gnu-tools-for-stm32.9-2020-q2-update.win32_1.5.0.202011040924/tools/bin/../lib/gcc/arm-none-eabi/9.3.1/../../../../arm-none-eabi/lib/thumb/v7e-m+fp/hard\libnosys.a
END GROUP
LOAD c:/st/stm32cubeide_1.5.0/stm32cubeide/plugins/com.st.stm32cube.ide.mcu.externaltools.gnu-tools-for-stm32.9-2020-q2-update.win32_1.5.0.202011040924/tools/bin/../lib/gcc/arm-none-eabi/9.3.1/thumb/v7e-m+fp/hard/crtend.o
LOAD c:/st/stm32cubeide_1.5.0/stm32cubeide/plugins/com.st.stm32cube.ide.mcu.externaltools.gnu-tools-for-stm32.9-2020-q2-update.win32_1.5.0.202011040924/tools/bin/../lib/gcc/arm-none-eabi/9.3.1/thumb/v7e-m+fp/hard/crtn.o
                0x0000000020020000                _estack = (ORIGIN (RAM) + LENGTH (RAM))
                0x0000000000000200                _Min_Heap_Size = 0x200
                0x0000000000000400                _Min_Stack_Size = 0x400

.isr_vector     0x0000000008000000      0x198
                0x0000000008000000                . = ALIGN (0x4)
 *(.isr_vector)
 .isr_vector    0x0000000008000000      0x198 Core/Startup/startup_stm32f411vetx.o
                0x0000000008000000                g_pfnVectors
                0x0000000008000198                . = ALIGN (0x4)

.text           0x0000000008000198     0x5f40
                0x0000000008000198                . = ALIGN (0x4)
 *(.text)
 .text          0x0000000008000198       0x40 c:/st/stm32cubeide_1.5.0/stm32cubeide/plugins/com.st.stm32cube.ide.mcu.externaltools.gnu-tools-for-stm32.9-2020-q2-update.win32_1.5.0.202011040924/tools/bin/../lib/gcc/arm-none-eabi/9.3.1/thumb/v7e-m+fp/hard/crtbegin.o
 .text          0x00000000080001d8       0x30 c:/st/stm32cubeide_1.5.0/stm32cubeide/plugins/com.st.stm32cube.ide.mcu.externaltools.gnu-tools-for-stm32.9-2020-q2-update.win32_1.5.0.202011040924/tools/bin/../lib/gcc/arm-none-eabi/9.3.1/thumb/v7e-m+fp/hard\libgcc.a(_aeabi_uldivmod.o)
                0x00000000080001d8                __aeabi_uldivmod
 .text          0x0000000008000208      0x2c4 c:/st/stm32cubeide_1.5.0/stm32cubeide/plugins/com.st.stm32cube.ide.mcu.externaltools.gnu-tools-for-stm32.9-2020-q2-update.win32_1.5.0.202011040924/tools/bin/../lib/gcc/arm-none-eabi/9.3.1/thumb/v7e-m+fp/hard\libgcc.a(_udivmoddi4.o)
                0x0000000008000208                __udivmoddi4
 .text          0x00000000080004cc        0x4 c:/st/stm32cubeide_1.5.0/stm32cubeide/plugins/com.st.stm32cube.ide.mcu.externaltools.gnu-tools-for-stm32.9-2020-q2-update.win32_1.5.0.202011040924/tools/bin/../lib/gcc/arm-none-eabi/9.3.1/thumb/v7e-m+fp/hard\libgcc.a(_dvmd_tls.o)
                0x00000000080004cc                __aeabi_idiv0
                0x00000000080004cc                __aeabi_ldiv0
 *(.text*)
 .text.USB_RX_Interrupt
                0x00000000080004d0       0x84 Core/Src/main.o
                0x00000000080004d0                USB_RX_Interrupt
 .text.main     0x0000000008000554       0x4c Core/Src/main.o
                0x0000000008000554                main
 .text.SystemClock_Config
                0x00000000080005a0       0xd0 Core/Src/main.o
                0x00000000080005a0                SystemClock_Config
 .text.MX_GPIO_Init
                0x0000000008000670       0x50 Core/Src/main.o
 .text.Error_Handler
                0x00000000080006c0        0xa Core/Src/main.o
                0x00000000080006c0                Error_Handler
 *fill*         0x00000000080006ca        0x2 
 .text.HAL_MspInit
                0x00000000080006cc       0x50 Core/Src/stm32f4xx_hal_msp.o
                0x00000000080006cc                HAL_MspInit
 .text.NMI_Handler
                0x000000000800071c        0x6 Core/Src/stm32f4xx_it.o
                0x000000000800071c                NMI_Handler
 .text.HardFault_Handler
                0x0000000008000722        0x6 Core/Src/stm32f4xx_it.o
                0x0000000008000722                HardFault_Handler
 .text.MemManage_Handler
                0x0000000008000728        0x6 Core/Src/stm32f4xx_it.o
                0x0000000008000728                MemManage_Handler
 .text.BusFault_Handler
                0x000000000800072e        0x6 Core/Src/stm32f4xx_it.o
                0x000000000800072e                BusFault_Handler
 .text.UsageFault_Handler
                0x0000000008000734        0x6 Core/Src/stm32f4xx_it.o
                0x0000000008000734                UsageFault_Handler
 .text.SVC_Handler
                0x000000000800073a        0xe Core/Src/stm32f4xx_it.o
                0x000000000800073a                SVC_Handler
 .text.DebugMon_Handler
                0x0000000008000748        0xe Core/Src/stm32f4xx_it.o
                0x0000000008000748                DebugMon_Handler
 .text.PendSV_Handler
                0x0000000008000756        0xe Core/Src/stm32f4xx_it.o
                0x0000000008000756                PendSV_Handler
 .text.SysTick_Handler
                0x0000000008000764        0xc Core/Src/stm32f4xx_it.o
                0x0000000008000764                SysTick_Handler
 .text.OTG_FS_IRQHandler
                0x0000000008000770       0x14 Core/Src/stm32f4xx_it.o
                0x0000000008000770                OTG_FS_IRQHandler
 .text.SystemInit
                0x0000000008000784       0x24 Core/Src/system_stm32f4xx.o
                0x0000000008000784                SystemInit
 .text.Reset_Handler
                0x00000000080007a8       0x50 Core/Startup/startup_stm32f411vetx.o
                0x00000000080007a8                Reset_Handler
 .text.Default_Handler
                0x00000000080007f8        0x2 Core/Startup/startup_stm32f411vetx.o
                0x00000000080007f8                RTC_Alarm_IRQHandler
                0x00000000080007f8                EXTI2_IRQHandler
                0x00000000080007f8                SPI4_IRQHandler
                0x00000000080007f8                TIM1_CC_IRQHandler
                0x00000000080007f8                DMA2_Stream5_IRQHandler
                0x00000000080007f8                DMA1_Stream5_IRQHandler
                0x00000000080007f8                PVD_IRQHandler
                0x00000000080007f8                SDIO_IRQHandler
                0x00000000080007f8                TAMP_STAMP_IRQHandler
                0x00000000080007f8                EXTI3_IRQHandler
                0x00000000080007f8                TIM1_UP_TIM10_IRQHandler
                0x00000000080007f8                I2C3_ER_IRQHandler
                0x00000000080007f8                EXTI0_IRQHandler
                0x00000000080007f8                I2C2_EV_IRQHandler
                0x00000000080007f8                DMA1_Stream2_IRQHandler
                0x00000000080007f8                FPU_IRQHandler
                0x00000000080007f8                DMA2_Stream2_IRQHandler
                0x00000000080007f8                SPI1_IRQHandler
                0x00000000080007f8                TIM1_BRK_TIM9_IRQHandler
                0x00000000080007f8                DMA2_Stream3_IRQHandler
                0x00000000080007f8                USART6_IRQHandler
                0x00000000080007f8                DMA2_Stream0_IRQHandler
                0x00000000080007f8                TIM4_IRQHandler
                0x00000000080007f8                I2C1_EV_IRQHandler
                0x00000000080007f8                DMA1_Stream6_IRQHandler
                0x00000000080007f8                DMA1_Stream1_IRQHandler
                0x00000000080007f8                TIM3_IRQHandler
                0x00000000080007f8                RCC_IRQHandler
                0x00000000080007f8                Default_Handler
                0x00000000080007f8                EXTI15_10_IRQHandler
                0x00000000080007f8                ADC_IRQHandler
                0x00000000080007f8                DMA1_Stream7_IRQHandler
                0x00000000080007f8                SPI5_IRQHandler
                0x00000000080007f8                TIM5_IRQHandler
                0x00000000080007f8                DMA2_Stream7_IRQHandler
                0x00000000080007f8                I2C3_EV_IRQHandler
                0x00000000080007f8                EXTI9_5_IRQHandler
                0x00000000080007f8                RTC_WKUP_IRQHandler
                0x00000000080007f8                SPI2_IRQHandler
                0x00000000080007f8                DMA1_Stream0_IRQHandler
                0x00000000080007f8                EXTI4_IRQHandler
                0x00000000080007f8                WWDG_IRQHandler
                0x00000000080007f8                TIM2_IRQHandler
                0x00000000080007f8                OTG_FS_WKUP_IRQHandler
                0x00000000080007f8                TIM1_TRG_COM_TIM11_IRQHandler
                0x00000000080007f8                EXTI1_IRQHandler
                0x00000000080007f8                USART2_IRQHandler
                0x00000000080007f8                I2C2_ER_IRQHandler
                0x00000000080007f8                DMA2_Stream1_IRQHandler
                0x00000000080007f8                FLASH_IRQHandler
                0x00000000080007f8                DMA2_Stream4_IRQHandler
                0x00000000080007f8                USART1_IRQHandler
                0x00000000080007f8                SPI3_IRQHandler
                0x00000000080007f8                DMA1_Stream4_IRQHandler
                0x00000000080007f8                I2C1_ER_IRQHandler
                0x00000000080007f8                DMA2_Stream6_IRQHandler
                0x00000000080007f8                DMA1_Stream3_IRQHandler
 *fill*         0x00000000080007fa        0x2 
 .text.HAL_Init
                0x00000000080007fc       0x44 Drivers/STM32F4xx_HAL_Driver/Src/stm32f4xx_hal.o
                0x00000000080007fc                HAL_Init
 .text.HAL_InitTick
                0x0000000008000840       0x60 Drivers/STM32F4xx_HAL_Driver/Src/stm32f4xx_hal.o
                0x0000000008000840                HAL_InitTick
 .text.HAL_IncTick
                0x00000000080008a0       0x28 Drivers/STM32F4xx_HAL_Driver/Src/stm32f4xx_hal.o
                0x00000000080008a0                HAL_IncTick
 .text.HAL_GetTick
                0x00000000080008c8       0x18 Drivers/STM32F4xx_HAL_Driver/Src/stm32f4xx_hal.o
                0x00000000080008c8                HAL_GetTick
 .text.HAL_Delay
                0x00000000080008e0       0x48 Drivers/STM32F4xx_HAL_Driver/Src/stm32f4xx_hal.o
                0x00000000080008e0                HAL_Delay
 .text.__NVIC_SetPriorityGrouping
                0x0000000008000928       0x48 Drivers/STM32F4xx_HAL_Driver/Src/stm32f4xx_hal_cortex.o
 .text.__NVIC_GetPriorityGrouping
                0x0000000008000970       0x1c Drivers/STM32F4xx_HAL_Driver/Src/stm32f4xx_hal_cortex.o
 .text.__NVIC_EnableIRQ
                0x000000000800098c       0x3c Drivers/STM32F4xx_HAL_Driver/Src/stm32f4xx_hal_cortex.o
 .text.__NVIC_SetPriority
                0x00000000080009c8       0x54 Drivers/STM32F4xx_HAL_Driver/Src/stm32f4xx_hal_cortex.o
 .text.NVIC_EncodePriority
                0x0000000008000a1c       0x66 Drivers/STM32F4xx_HAL_Driver/Src/stm32f4xx_hal_cortex.o
 *fill*         0x0000000008000a82        0x2 
 .text.SysTick_Config
                0x0000000008000a84       0x44 Drivers/STM32F4xx_HAL_Driver/Src/stm32f4xx_hal_cortex.o
 .text.HAL_NVIC_SetPriorityGrouping
                0x0000000008000ac8       0x16 Drivers/STM32F4xx_HAL_Driver/Src/stm32f4xx_hal_cortex.o
                0x0000000008000ac8                HAL_NVIC_SetPriorityGrouping
 .text.HAL_NVIC_SetPriority
                0x0000000008000ade       0x38 Drivers/STM32F4xx_HAL_Driver/Src/stm32f4xx_hal_cortex.o
                0x0000000008000ade                HAL_NVIC_SetPriority
 .text.HAL_NVIC_EnableIRQ
                0x0000000008000b16       0x1c Drivers/STM32F4xx_HAL_Driver/Src/stm32f4xx_hal_cortex.o
                0x0000000008000b16                HAL_NVIC_EnableIRQ
 .text.HAL_SYSTICK_Config
                0x0000000008000b32       0x18 Drivers/STM32F4xx_HAL_Driver/Src/stm32f4xx_hal_cortex.o
                0x0000000008000b32                HAL_SYSTICK_Config
 *fill*         0x0000000008000b4a        0x2 
 .text.HAL_GPIO_Init
                0x0000000008000b4c      0x308 Drivers/STM32F4xx_HAL_Driver/Src/stm32f4xx_hal_gpio.o
                0x0000000008000b4c                HAL_GPIO_Init
 .text.HAL_PCD_Init
                0x0000000008000e54      0x23a Drivers/STM32F4xx_HAL_Driver/Src/stm32f4xx_hal_pcd.o
                0x0000000008000e54                HAL_PCD_Init
 .text.HAL_PCD_Start
                0x000000000800108e       0x66 Drivers/STM32F4xx_HAL_Driver/Src/stm32f4xx_hal_pcd.o
                0x000000000800108e                HAL_PCD_Start
 .text.HAL_PCD_IRQHandler
                0x00000000080010f4      0x764 Drivers/STM32F4xx_HAL_Driver/Src/stm32f4xx_hal_pcd.o
                0x00000000080010f4                HAL_PCD_IRQHandler
 .text.HAL_PCD_SetAddress
                0x0000000008001858       0x4a Drivers/STM32F4xx_HAL_Driver/Src/stm32f4xx_hal_pcd.o
                0x0000000008001858                HAL_PCD_SetAddress
 .text.HAL_PCD_EP_Open
                0x00000000080018a2       0xd0 Drivers/STM32F4xx_HAL_Driver/Src/stm32f4xx_hal_pcd.o
                0x00000000080018a2                HAL_PCD_EP_Open
 .text.HAL_PCD_EP_Close
                0x0000000008001972       0x94 Drivers/STM32F4xx_HAL_Driver/Src/stm32f4xx_hal_pcd.o
                0x0000000008001972                HAL_PCD_EP_Close
 .text.HAL_PCD_EP_Receive
                0x0000000008001a06       0x96 Drivers/STM32F4xx_HAL_Driver/Src/stm32f4xx_hal_pcd.o
                0x0000000008001a06                HAL_PCD_EP_Receive
 .text.HAL_PCD_EP_Transmit
                0x0000000008001a9c       0x94 Drivers/STM32F4xx_HAL_Driver/Src/stm32f4xx_hal_pcd.o
                0x0000000008001a9c                HAL_PCD_EP_Transmit
 .text.HAL_PCD_EP_SetStall
                0x0000000008001b30       0xc8 Drivers/STM32F4xx_HAL_Driver/Src/stm32f4xx_hal_pcd.o
                0x0000000008001b30                HAL_PCD_EP_SetStall
 .text.HAL_PCD_EP_ClrStall
                0x0000000008001bf8       0xac Drivers/STM32F4xx_HAL_Driver/Src/stm32f4xx_hal_pcd.o
                0x0000000008001bf8                HAL_PCD_EP_ClrStall
 .text.PCD_WriteEmptyTxFifo
                0x0000000008001ca4      0x11a Drivers/STM32F4xx_HAL_Driver/Src/stm32f4xx_hal_pcd.o
 *fill*         0x0000000008001dbe        0x2 
 .text.PCD_EP_OutXfrComplete_int
                0x0000000008001dc0      0x218 Drivers/STM32F4xx_HAL_Driver/Src/stm32f4xx_hal_pcd.o
 .text.PCD_EP_OutSetupPacket_int
                0x0000000008001fd8       0x8c Drivers/STM32F4xx_HAL_Driver/Src/stm32f4xx_hal_pcd.o
 .text.HAL_PCDEx_SetTxFiFo
                0x0000000008002064       0x8e Drivers/STM32F4xx_HAL_Driver/Src/stm32f4xx_hal_pcd_ex.o
                0x0000000008002064                HAL_PCDEx_SetTxFiFo
 .text.HAL_PCDEx_SetRxFiFo
                0x00000000080020f2       0x22 Drivers/STM32F4xx_HAL_Driver/Src/stm32f4xx_hal_pcd_ex.o
                0x00000000080020f2                HAL_PCDEx_SetRxFiFo
 .text.HAL_PCDEx_LPM_Callback
                0x0000000008002114       0x18 Drivers/STM32F4xx_HAL_Driver/Src/stm32f4xx_hal_pcd_ex.o
                0x0000000008002114                HAL_PCDEx_LPM_Callback
 .text.HAL_RCC_OscConfig
                0x000000000800212c      0x4f0 Drivers/STM32F4xx_HAL_Driver/Src/stm32f4xx_hal_rcc.o
                0x000000000800212c                HAL_RCC_OscConfig
 .text.HAL_RCC_ClockConfig
                0x000000000800261c      0x1cc Drivers/STM32F4xx_HAL_Driver/Src/stm32f4xx_hal_rcc.o
                0x000000000800261c                HAL_RCC_ClockConfig
 .text.HAL_RCC_GetSysClockFreq
                0x00000000080027e8      0x1c4 Drivers/STM32F4xx_HAL_Driver/Src/stm32f4xx_hal_rcc.o
                0x00000000080027e8                HAL_RCC_GetSysClockFreq
 .text.HAL_RCC_GetHCLKFreq
                0x00000000080029ac       0x18 Drivers/STM32F4xx_HAL_Driver/Src/stm32f4xx_hal_rcc.o
                0x00000000080029ac                HAL_RCC_GetHCLKFreq
 .text.USB_CoreInit
                0x00000000080029c4       0xc2 Drivers/STM32F4xx_HAL_Driver/Src/stm32f4xx_ll_usb.o
                0x00000000080029c4                USB_CoreInit
 *fill*         0x0000000008002a86        0x2 
 .text.USB_SetTurnaroundTime
                0x0000000008002a88      0x144 Drivers/STM32F4xx_HAL_Driver/Src/stm32f4xx_ll_usb.o
                0x0000000008002a88                USB_SetTurnaroundTime
 .text.USB_EnableGlobalInt
                0x0000000008002bcc       0x22 Drivers/STM32F4xx_HAL_Driver/Src/stm32f4xx_ll_usb.o
                0x0000000008002bcc                USB_EnableGlobalInt
 .text.USB_DisableGlobalInt
                0x0000000008002bee       0x22 Drivers/STM32F4xx_HAL_Driver/Src/stm32f4xx_ll_usb.o
                0x0000000008002bee                USB_DisableGlobalInt
 .text.USB_SetCurrentMode
                0x0000000008002c10       0x54 Drivers/STM32F4xx_HAL_Driver/Src/stm32f4xx_ll_usb.o
                0x0000000008002c10                USB_SetCurrentMode
 .text.USB_DevInit
                0x0000000008002c64      0x2c8 Drivers/STM32F4xx_HAL_Driver/Src/stm32f4xx_ll_usb.o
                0x0000000008002c64                USB_DevInit
 .text.USB_FlushTxFifo
                0x0000000008002f2c       0x4c Drivers/STM32F4xx_HAL_Driver/Src/stm32f4xx_ll_usb.o
                0x0000000008002f2c                USB_FlushTxFifo
 .text.USB_FlushRxFifo
                0x0000000008002f78       0x44 Drivers/STM32F4xx_HAL_Driver/Src/stm32f4xx_ll_usb.o
                0x0000000008002f78                USB_FlushRxFifo
 .text.USB_SetDevSpeed
                0x0000000008002fbc       0x32 Drivers/STM32F4xx_HAL_Driver/Src/stm32f4xx_ll_usb.o
                0x0000000008002fbc                USB_SetDevSpeed
 .text.USB_GetDevSpeed
                0x0000000008002fee       0x4a Drivers/STM32F4xx_HAL_Driver/Src/stm32f4xx_ll_usb.o
                0x0000000008002fee                USB_GetDevSpeed
 .text.USB_ActivateEndpoint
                0x0000000008003038      0x10e Drivers/STM32F4xx_HAL_Driver/Src/stm32f4xx_ll_usb.o
                0x0000000008003038                USB_ActivateEndpoint
 *fill*         0x0000000008003146        0x2 
 .text.USB_DeactivateEndpoint
                0x0000000008003148      0x1b8 Drivers/STM32F4xx_HAL_Driver/Src/stm32f4xx_ll_usb.o
                0x0000000008003148                USB_DeactivateEndpoint
 .text.USB_EPStartXfer
                0x0000000008003300      0x488 Drivers/STM32F4xx_HAL_Driver/Src/stm32f4xx_ll_usb.o
                0x0000000008003300                USB_EPStartXfer
 .text.USB_EP0StartXfer
                0x0000000008003788      0x2a6 Drivers/STM32F4xx_HAL_Driver/Src/stm32f4xx_ll_usb.o
                0x0000000008003788                USB_EP0StartXfer
 .text.USB_WritePacket
                0x0000000008003a2e       0x6a Drivers/STM32F4xx_HAL_Driver/Src/stm32f4xx_ll_usb.o
                0x0000000008003a2e                USB_WritePacket
 .text.USB_ReadPacket
                0x0000000008003a98       0x52 Drivers/STM32F4xx_HAL_Driver/Src/stm32f4xx_ll_usb.o
                0x0000000008003a98                USB_ReadPacket
 .text.USB_EPSetStall
                0x0000000008003aea       0xdc Drivers/STM32F4xx_HAL_Driver/Src/stm32f4xx_ll_usb.o
                0x0000000008003aea                USB_EPSetStall
 .text.USB_EPClearStall
                0x0000000008003bc6       0xcc Drivers/STM32F4xx_HAL_Driver/Src/stm32f4xx_ll_usb.o
                0x0000000008003bc6                USB_EPClearStall
 .text.USB_SetDevAddress
                0x0000000008003c92       0x4c Drivers/STM32F4xx_HAL_Driver/Src/stm32f4xx_ll_usb.o
                0x0000000008003c92                USB_SetDevAddress
 .text.USB_DevConnect
                0x0000000008003cde       0x42 Drivers/STM32F4xx_HAL_Driver/Src/stm32f4xx_ll_usb.o
                0x0000000008003cde                USB_DevConnect
 .text.USB_DevDisconnect
                0x0000000008003d20       0x42 Drivers/STM32F4xx_HAL_Driver/Src/stm32f4xx_ll_usb.o
                0x0000000008003d20                USB_DevDisconnect
 .text.USB_ReadInterrupts
                0x0000000008003d62       0x26 Drivers/STM32F4xx_HAL_Driver/Src/stm32f4xx_ll_usb.o
                0x0000000008003d62                USB_ReadInterrupts
 .text.USB_ReadDevAllOutEpInterrupt
                0x0000000008003d88       0x34 Drivers/STM32F4xx_HAL_Driver/Src/stm32f4xx_ll_usb.o
                0x0000000008003d88                USB_ReadDevAllOutEpInterrupt
 .text.USB_ReadDevAllInEpInterrupt
                0x0000000008003dbc       0x34 Drivers/STM32F4xx_HAL_Driver/Src/stm32f4xx_ll_usb.o
                0x0000000008003dbc                USB_ReadDevAllInEpInterrupt
 .text.USB_ReadDevOutEPInterrupt
                0x0000000008003df0       0x3c Drivers/STM32F4xx_HAL_Driver/Src/stm32f4xx_ll_usb.o
                0x0000000008003df0                USB_ReadDevOutEPInterrupt
 .text.USB_ReadDevInEPInterrupt
                0x0000000008003e2c       0x5c Drivers/STM32F4xx_HAL_Driver/Src/stm32f4xx_ll_usb.o
                0x0000000008003e2c                USB_ReadDevInEPInterrupt
 .text.USB_GetMode
                0x0000000008003e88       0x1c Drivers/STM32F4xx_HAL_Driver/Src/stm32f4xx_ll_usb.o
                0x0000000008003e88                USB_GetMode
 .text.USB_ActivateSetup
                0x0000000008003ea4       0x46 Drivers/STM32F4xx_HAL_Driver/Src/stm32f4xx_ll_usb.o
                0x0000000008003ea4                USB_ActivateSetup
 *fill*         0x0000000008003eea        0x2 
 .text.USB_EP0_OutStart
                0x0000000008003eec       0xbc Drivers/STM32F4xx_HAL_Driver/Src/stm32f4xx_ll_usb.o
                0x0000000008003eec                USB_EP0_OutStart
 .text.USB_CoreReset
                0x0000000008003fa8       0x68 Drivers/STM32F4xx_HAL_Driver/Src/stm32f4xx_ll_usb.o
 .text.USBD_CUSTOM_HID_Init
                0x0000000008004010       0xa2 Middlewares/ST/STM32_USB_Device_Library/Class/CustomHID/Src/usbd_customhid.o
 .text.USBD_CUSTOM_HID_DeInit
                0x00000000080040b2       0x6a Middlewares/ST/STM32_USB_Device_Library/Class/CustomHID/Src/usbd_customhid.o
 .text.USBD_CUSTOM_HID_Setup
                0x000000000800411c      0x214 Middlewares/ST/STM32_USB_Device_Library/Class/CustomHID/Src/usbd_customhid.o
 .text.USBD_CUSTOM_HID_SendReport
                0x0000000008004330       0x5e Middlewares/ST/STM32_USB_Device_Library/Class/CustomHID/Src/usbd_customhid.o
                0x0000000008004330                USBD_CUSTOM_HID_SendReport
 *fill*         0x000000000800438e        0x2 
 .text.USBD_CUSTOM_HID_GetFSCfgDesc
                0x0000000008004390       0x20 Middlewares/ST/STM32_USB_Device_Library/Class/CustomHID/Src/usbd_customhid.o
 .text.USBD_CUSTOM_HID_GetHSCfgDesc
                0x00000000080043b0       0x20 Middlewares/ST/STM32_USB_Device_Library/Class/CustomHID/Src/usbd_customhid.o
 .text.USBD_CUSTOM_HID_GetOtherSpeedCfgDesc
                0x00000000080043d0       0x20 Middlewares/ST/STM32_USB_Device_Library/Class/CustomHID/Src/usbd_customhid.o
 .text.USBD_CUSTOM_HID_DataIn
                0x00000000080043f0       0x26 Middlewares/ST/STM32_USB_Device_Library/Class/CustomHID/Src/usbd_customhid.o
 .text.USBD_CUSTOM_HID_DataOut
                0x0000000008004416       0x40 Middlewares/ST/STM32_USB_Device_Library/Class/CustomHID/Src/usbd_customhid.o
 .text.USBD_CUSTOM_HID_EP0_RxReady
                0x0000000008004456       0x46 Middlewares/ST/STM32_USB_Device_Library/Class/CustomHID/Src/usbd_customhid.o
 .text.USBD_CUSTOM_HID_GetDeviceQualifierDesc
                0x000000000800449c       0x20 Middlewares/ST/STM32_USB_Device_Library/Class/CustomHID/Src/usbd_customhid.o
 .text.USBD_CUSTOM_HID_RegisterInterface
                0x00000000080044bc       0x2a Middlewares/ST/STM32_USB_Device_Library/Class/CustomHID/Src/usbd_customhid.o
                0x00000000080044bc                USBD_CUSTOM_HID_RegisterInterface
 .text.USBD_Init
                0x00000000080044e6       0x60 Middlewares/ST/STM32_USB_Device_Library/Core/Src/usbd_core.o
                0x00000000080044e6                USBD_Init
 .text.USBD_RegisterClass
                0x0000000008004546       0x4e Middlewares/ST/STM32_USB_Device_Library/Core/Src/usbd_core.o
                0x0000000008004546                USBD_RegisterClass
 .text.USBD_Start
                0x0000000008004594       0x18 Middlewares/ST/STM32_USB_Device_Library/Core/Src/usbd_core.o
                0x0000000008004594                USBD_Start
 .text.USBD_RunTestMode
                0x00000000080045ac       0x16 Middlewares/ST/STM32_USB_Device_Library/Core/Src/usbd_core.o
                0x00000000080045ac                USBD_RunTestMode
 .text.USBD_SetClassConfig
                0x00000000080045c2       0x38 Middlewares/ST/STM32_USB_Device_Library/Core/Src/usbd_core.o
                0x00000000080045c2                USBD_SetClassConfig
 .text.USBD_ClrClassConfig
                0x00000000080045fa       0x30 Middlewares/ST/STM32_USB_Device_Library/Core/Src/usbd_core.o
                0x00000000080045fa                USBD_ClrClassConfig
 .text.USBD_LL_SetupStage
                0x000000000800462a       0xaa Middlewares/ST/STM32_USB_Device_Library/Core/Src/usbd_core.o
                0x000000000800462a                USBD_LL_SetupStage
 .text.USBD_LL_DataOutStage
                0x00000000080046d4       0xc6 Middlewares/ST/STM32_USB_Device_Library/Core/Src/usbd_core.o
                0x00000000080046d4                USBD_LL_DataOutStage
 .text.USBD_LL_DataInStage
                0x000000000800479a      0x12c Middlewares/ST/STM32_USB_Device_Library/Core/Src/usbd_core.o
                0x000000000800479a                USBD_LL_DataInStage
 .text.USBD_LL_Reset
                0x00000000080048c6       0x9c Middlewares/ST/STM32_USB_Device_Library/Core/Src/usbd_core.o
                0x00000000080048c6                USBD_LL_Reset
 .text.USBD_LL_SetSpeed
                0x0000000008004962       0x20 Middlewares/ST/STM32_USB_Device_Library/Core/Src/usbd_core.o
                0x0000000008004962                USBD_LL_SetSpeed
 .text.USBD_LL_Suspend
                0x0000000008004982       0x2c Middlewares/ST/STM32_USB_Device_Library/Core/Src/usbd_core.o
                0x0000000008004982                USBD_LL_Suspend
 .text.USBD_LL_Resume
                0x00000000080049ae       0x30 Middlewares/ST/STM32_USB_Device_Library/Core/Src/usbd_core.o
                0x00000000080049ae                USBD_LL_Resume
 .text.USBD_LL_SOF
                0x00000000080049de       0x44 Middlewares/ST/STM32_USB_Device_Library/Core/Src/usbd_core.o
                0x00000000080049de                USBD_LL_SOF
 .text.USBD_LL_IsoINIncomplete
                0x0000000008004a22       0x4c Middlewares/ST/STM32_USB_Device_Library/Core/Src/usbd_core.o
                0x0000000008004a22                USBD_LL_IsoINIncomplete
 .text.USBD_LL_IsoOUTIncomplete
                0x0000000008004a6e       0x4c Middlewares/ST/STM32_USB_Device_Library/Core/Src/usbd_core.o
                0x0000000008004a6e                USBD_LL_IsoOUTIncomplete
 .text.USBD_LL_DevConnected
                0x0000000008004aba       0x16 Middlewares/ST/STM32_USB_Device_Library/Core/Src/usbd_core.o
                0x0000000008004aba                USBD_LL_DevConnected
 .text.USBD_LL_DevDisconnected
                0x0000000008004ad0       0x38 Middlewares/ST/STM32_USB_Device_Library/Core/Src/usbd_core.o
                0x0000000008004ad0                USBD_LL_DevDisconnected
 .text.SWAPBYTE
                0x0000000008004b08       0x3c Middlewares/ST/STM32_USB_Device_Library/Core/Src/usbd_ctlreq.o
 .text.USBD_StdDevReq
                0x0000000008004b44       0xdc Middlewares/ST/STM32_USB_Device_Library/Core/Src/usbd_ctlreq.o
                0x0000000008004b44                USBD_StdDevReq
 .text.USBD_StdItfReq
                0x0000000008004c20       0x92 Middlewares/ST/STM32_USB_Device_Library/Core/Src/usbd_ctlreq.o
                0x0000000008004c20                USBD_StdItfReq
 .text.USBD_StdEPReq
                0x0000000008004cb2      0x2c4 Middlewares/ST/STM32_USB_Device_Library/Core/Src/usbd_ctlreq.o
                0x0000000008004cb2                USBD_StdEPReq
 *fill*         0x0000000008004f76        0x2 
 .text.USBD_GetDescriptor
                0x0000000008004f78      0x2d4 Middlewares/ST/STM32_USB_Device_Library/Core/Src/usbd_ctlreq.o
 .text.USBD_SetAddress
                0x000000000800524c       0x88 Middlewares/ST/STM32_USB_Device_Library/Core/Src/usbd_ctlreq.o
 .text.USBD_SetConfig
                0x00000000080052d4      0x14c Middlewares/ST/STM32_USB_Device_Library/Core/Src/usbd_ctlreq.o
 .text.USBD_GetConfig
                0x0000000008005420       0x6c Middlewares/ST/STM32_USB_Device_Library/Core/Src/usbd_ctlreq.o
 .text.USBD_GetStatus
                0x000000000800548c       0x68 Middlewares/ST/STM32_USB_Device_Library/Core/Src/usbd_ctlreq.o
 .text.USBD_SetFeature
                0x00000000080054f4       0x28 Middlewares/ST/STM32_USB_Device_Library/Core/Src/usbd_ctlreq.o
 .text.USBD_ClrFeature
                0x000000000800551c       0x44 Middlewares/ST/STM32_USB_Device_Library/Core/Src/usbd_ctlreq.o
 .text.USBD_ParseSetupRequest
                0x0000000008005560       0x74 Middlewares/ST/STM32_USB_Device_Library/Core/Src/usbd_ctlreq.o
                0x0000000008005560                USBD_ParseSetupRequest
 .text.USBD_CtlError
                0x00000000080055d4       0x22 Middlewares/ST/STM32_USB_Device_Library/Core/Src/usbd_ctlreq.o
                0x00000000080055d4                USBD_CtlError
 .text.USBD_GetString
                0x00000000080055f6       0x8c Middlewares/ST/STM32_USB_Device_Library/Core/Src/usbd_ctlreq.o
                0x00000000080055f6                USBD_GetString
 .text.USBD_GetLen
                0x0000000008005682       0x34 Middlewares/ST/STM32_USB_Device_Library/Core/Src/usbd_ctlreq.o
 .text.USBD_CtlSendData
                0x00000000080056b6       0x36 Middlewares/ST/STM32_USB_Device_Library/Core/Src/usbd_ioreq.o
                0x00000000080056b6                USBD_CtlSendData
 .text.USBD_CtlContinueSendData
                0x00000000080056ec       0x22 Middlewares/ST/STM32_USB_Device_Library/Core/Src/usbd_ioreq.o
                0x00000000080056ec                USBD_CtlContinueSendData
 .text.USBD_CtlPrepareRx
                0x000000000800570e       0x3a Middlewares/ST/STM32_USB_Device_Library/Core/Src/usbd_ioreq.o
                0x000000000800570e                USBD_CtlPrepareRx
 .text.USBD_CtlContinueRx
                0x0000000008005748       0x22 Middlewares/ST/STM32_USB_Device_Library/Core/Src/usbd_ioreq.o
                0x0000000008005748                USBD_CtlContinueRx
 .text.USBD_CtlSendStatus
                0x000000000800576a       0x26 Middlewares/ST/STM32_USB_Device_Library/Core/Src/usbd_ioreq.o
                0x000000000800576a                USBD_CtlSendStatus
 .text.USBD_CtlReceiveStatus
                0x0000000008005790       0x26 Middlewares/ST/STM32_USB_Device_Library/Core/Src/usbd_ioreq.o
                0x0000000008005790                USBD_CtlReceiveStatus
 *fill*         0x00000000080057b6        0x2 
 .text.MX_USB_DEVICE_Init
                0x00000000080057b8       0x60 USB_DEVICE/App/usb_device.o
                0x00000000080057b8                MX_USB_DEVICE_Init
 .text.CUSTOM_HID_Init_FS
                0x0000000008005818       0x10 USB_DEVICE/App/usbd_custom_hid_if.o
 .text.CUSTOM_HID_DeInit_FS
                0x0000000008005828       0x10 USB_DEVICE/App/usbd_custom_hid_if.o
 .text.CUSTOM_HID_OutEvent_FS
                0x0000000008005838       0x1e USB_DEVICE/App/usbd_custom_hid_if.o
 *fill*         0x0000000008005856        0x2 
 .text.USBD_FS_DeviceDescriptor
                0x0000000008005858       0x24 USB_DEVICE/App/usbd_desc.o
                0x0000000008005858                USBD_FS_DeviceDescriptor
 .text.USBD_FS_LangIDStrDescriptor
                0x000000000800587c       0x24 USB_DEVICE/App/usbd_desc.o
                0x000000000800587c                USBD_FS_LangIDStrDescriptor
 .text.USBD_FS_ProductStrDescriptor
                0x00000000080058a0       0x3c USB_DEVICE/App/usbd_desc.o
                0x00000000080058a0                USBD_FS_ProductStrDescriptor
 .text.USBD_FS_ManufacturerStrDescriptor
                0x00000000080058dc       0x28 USB_DEVICE/App/usbd_desc.o
                0x00000000080058dc                USBD_FS_ManufacturerStrDescriptor
 .text.USBD_FS_SerialStrDescriptor
                0x0000000008005904       0x24 USB_DEVICE/App/usbd_desc.o
                0x0000000008005904                USBD_FS_SerialStrDescriptor
 .text.USBD_FS_ConfigStrDescriptor
                0x0000000008005928       0x3c USB_DEVICE/App/usbd_desc.o
                0x0000000008005928                USBD_FS_ConfigStrDescriptor
 .text.USBD_FS_InterfaceStrDescriptor
                0x0000000008005964       0x3c USB_DEVICE/App/usbd_desc.o
                0x0000000008005964                USBD_FS_InterfaceStrDescriptor
 .text.Get_SerialNum
                0x00000000080059a0       0x58 USB_DEVICE/App/usbd_desc.o
 .text.IntToUnicode
                0x00000000080059f8       0x7e USB_DEVICE/App/usbd_desc.o
 *fill*         0x0000000008005a76        0x2 
 .text.HAL_PCD_MspInit
                0x0000000008005a78       0xa8 USB_DEVICE/Target/usbd_conf.o
                0x0000000008005a78                HAL_PCD_MspInit
 .text.HAL_PCD_SetupStageCallback
                0x0000000008005b20       0x24 USB_DEVICE/Target/usbd_conf.o
                0x0000000008005b20                HAL_PCD_SetupStageCallback
 .text.HAL_PCD_DataOutStageCallback
                0x0000000008005b44       0x36 USB_DEVICE/Target/usbd_conf.o
                0x0000000008005b44                HAL_PCD_DataOutStageCallback
 .text.HAL_PCD_DataInStageCallback
                0x0000000008005b7a       0x34 USB_DEVICE/Target/usbd_conf.o
                0x0000000008005b7a                HAL_PCD_DataInStageCallback
 .text.HAL_PCD_SOFCallback
                0x0000000008005bae       0x1c USB_DEVICE/Target/usbd_conf.o
                0x0000000008005bae                HAL_PCD_SOFCallback
 .text.HAL_PCD_ResetCallback
                0x0000000008005bca       0x3c USB_DEVICE/Target/usbd_conf.o
                0x0000000008005bca                HAL_PCD_ResetCallback
 *fill*         0x0000000008005c06        0x2 
 .text.HAL_PCD_SuspendCallback
                0x0000000008005c08       0x4c USB_DEVICE/Target/usbd_conf.o
                0x0000000008005c08                HAL_PCD_SuspendCallback
 .text.HAL_PCD_ResumeCallback
                0x0000000008005c54       0x1c USB_DEVICE/Target/usbd_conf.o
                0x0000000008005c54                HAL_PCD_ResumeCallback
 .text.HAL_PCD_ISOOUTIncompleteCallback
                0x0000000008005c70       0x24 USB_DEVICE/Target/usbd_conf.o
                0x0000000008005c70                HAL_PCD_ISOOUTIncompleteCallback
 .text.HAL_PCD_ISOINIncompleteCallback
                0x0000000008005c94       0x24 USB_DEVICE/Target/usbd_conf.o
                0x0000000008005c94                HAL_PCD_ISOINIncompleteCallback
 .text.HAL_PCD_ConnectCallback
                0x0000000008005cb8       0x1c USB_DEVICE/Target/usbd_conf.o
                0x0000000008005cb8                HAL_PCD_ConnectCallback
 .text.HAL_PCD_DisconnectCallback
                0x0000000008005cd4       0x1c USB_DEVICE/Target/usbd_conf.o
                0x0000000008005cd4                HAL_PCD_DisconnectCallback
 .text.USBD_LL_Init
                0x0000000008005cf0       0x98 USB_DEVICE/Target/usbd_conf.o
                0x0000000008005cf0                USBD_LL_Init
 .text.USBD_LL_Start
                0x0000000008005d88       0x36 USB_DEVICE/Target/usbd_conf.o
                0x0000000008005d88                USBD_LL_Start
 .text.USBD_LL_OpenEP
                0x0000000008005dbe       0x4c USB_DEVICE/Target/usbd_conf.o
                0x0000000008005dbe                USBD_LL_OpenEP
 .text.USBD_LL_CloseEP
                0x0000000008005e0a       0x3e USB_DEVICE/Target/usbd_conf.o
                0x0000000008005e0a                USBD_LL_CloseEP
 .text.USBD_LL_StallEP
                0x0000000008005e48       0x3e USB_DEVICE/Target/usbd_conf.o
                0x0000000008005e48                USBD_LL_StallEP
 .text.USBD_LL_ClearStallEP
                0x0000000008005e86       0x3e USB_DEVICE/Target/usbd_conf.o
                0x0000000008005e86                USBD_LL_ClearStallEP
 .text.USBD_LL_IsStallEP
                0x0000000008005ec4       0x58 USB_DEVICE/Target/usbd_conf.o
                0x0000000008005ec4                USBD_LL_IsStallEP
 .text.USBD_LL_SetUSBAddress
                0x0000000008005f1c       0x3e USB_DEVICE/Target/usbd_conf.o
                0x0000000008005f1c                USBD_LL_SetUSBAddress
 .text.USBD_LL_Transmit
                0x0000000008005f5a       0x42 USB_DEVICE/Target/usbd_conf.o
                0x0000000008005f5a                USBD_LL_Transmit
 .text.USBD_LL_PrepareReceive
                0x0000000008005f9c       0x42 USB_DEVICE/Target/usbd_conf.o
                0x0000000008005f9c                USBD_LL_PrepareReceive
 *fill*         0x0000000008005fde        0x2 
 .text.USBD_static_malloc
                0x0000000008005fe0       0x1c USB_DEVICE/Target/usbd_conf.o
                0x0000000008005fe0                USBD_static_malloc
 .text.USBD_static_free
                0x0000000008005ffc       0x14 USB_DEVICE/Target/usbd_conf.o
                0x0000000008005ffc                USBD_static_free
 .text.USBD_Get_USB_Status
                0x0000000008006010       0x58 USB_DEVICE/Target/usbd_conf.o
                0x0000000008006010                USBD_Get_USB_Status
 .text.__libc_init_array
                0x0000000008006068       0x48 c:/st/stm32cubeide_1.5.0/stm32cubeide/plugins/com.st.stm32cube.ide.mcu.externaltools.gnu-tools-for-stm32.9-2020-q2-update.win32_1.5.0.202011040924/tools/bin/../lib/gcc/arm-none-eabi/9.3.1/../../../../arm-none-eabi/lib/thumb/v7e-m+fp/hard\libc_nano.a(lib_a-init.o)
                0x0000000008006068                __libc_init_array
 .text.memset   0x00000000080060b0       0x10 c:/st/stm32cubeide_1.5.0/stm32cubeide/plugins/com.st.stm32cube.ide.mcu.externaltools.gnu-tools-for-stm32.9-2020-q2-update.win32_1.5.0.202011040924/tools/bin/../lib/gcc/arm-none-eabi/9.3.1/../../../../arm-none-eabi/lib/thumb/v7e-m+fp/hard\libc_nano.a(lib_a-memset.o)
                0x00000000080060b0                memset
 *(.glue_7)
 .glue_7        0x00000000080060c0        0x0 linker stubs
 *(.glue_7t)
 .glue_7t       0x00000000080060c0        0x0 linker stubs
 *(.eh_frame)
 .eh_frame      0x00000000080060c0        0x0 c:/st/stm32cubeide_1.5.0/stm32cubeide/plugins/com.st.stm32cube.ide.mcu.externaltools.gnu-tools-for-stm32.9-2020-q2-update.win32_1.5.0.202011040924/tools/bin/../lib/gcc/arm-none-eabi/9.3.1/thumb/v7e-m+fp/hard/crtbegin.o
 *(.init)
 .init          0x00000000080060c0        0x4 c:/st/stm32cubeide_1.5.0/stm32cubeide/plugins/com.st.stm32cube.ide.mcu.externaltools.gnu-tools-for-stm32.9-2020-q2-update.win32_1.5.0.202011040924/tools/bin/../lib/gcc/arm-none-eabi/9.3.1/thumb/v7e-m+fp/hard/crti.o
                0x00000000080060c0                _init
 .init          0x00000000080060c4        0x8 c:/st/stm32cubeide_1.5.0/stm32cubeide/plugins/com.st.stm32cube.ide.mcu.externaltools.gnu-tools-for-stm32.9-2020-q2-update.win32_1.5.0.202011040924/tools/bin/../lib/gcc/arm-none-eabi/9.3.1/thumb/v7e-m+fp/hard/crtn.o
 *(.fini)
 .fini          0x00000000080060cc        0x4 c:/st/stm32cubeide_1.5.0/stm32cubeide/plugins/com.st.stm32cube.ide.mcu.externaltools.gnu-tools-for-stm32.9-2020-q2-update.win32_1.5.0.202011040924/tools/bin/../lib/gcc/arm-none-eabi/9.3.1/thumb/v7e-m+fp/hard/crti.o
                0x00000000080060cc                _fini
 .fini          0x00000000080060d0        0x8 c:/st/stm32cubeide_1.5.0/stm32cubeide/plugins/com.st.stm32cube.ide.mcu.externaltools.gnu-tools-for-stm32.9-2020-q2-update.win32_1.5.0.202011040924/tools/bin/../lib/gcc/arm-none-eabi/9.3.1/thumb/v7e-m+fp/hard/crtn.o
                0x00000000080060d8                . = ALIGN (0x4)
                0x00000000080060d8                _etext = .

.vfp11_veneer   0x00000000080060d8        0x0
 .vfp11_veneer  0x00000000080060d8        0x0 linker stubs

.v4_bx          0x00000000080060d8        0x0
 .v4_bx         0x00000000080060d8        0x0 linker stubs

.iplt           0x00000000080060d8        0x0
 .iplt          0x00000000080060d8        0x0 c:/st/stm32cubeide_1.5.0/stm32cubeide/plugins/com.st.stm32cube.ide.mcu.externaltools.gnu-tools-for-stm32.9-2020-q2-update.win32_1.5.0.202011040924/tools/bin/../lib/gcc/arm-none-eabi/9.3.1/thumb/v7e-m+fp/hard/crtbegin.o

.rodata         0x00000000080060d8       0x70
                0x00000000080060d8                . = ALIGN (0x4)
 *(.rodata)
 .rodata        0x00000000080060d8       0x5d USB_DEVICE/App/usbd_desc.o
 *(.rodata*)
 *fill*         0x0000000008006135        0x3 
 .rodata.AHBPrescTable
                0x0000000008006138       0x10 Core/Src/system_stm32f4xx.o
                0x0000000008006138                AHBPrescTable
                0x0000000008006148                . = ALIGN (0x4)

.ARM.extab      0x0000000008006148        0x0
                0x0000000008006148                . = ALIGN (0x4)
 *(.ARM.extab* .gnu.linkonce.armextab.*)
                0x0000000008006148                . = ALIGN (0x4)

.ARM            0x0000000008006148        0x8
                0x0000000008006148                . = ALIGN (0x4)
                0x0000000008006148                __exidx_start = .
 *(.ARM.exidx*)
 .ARM.exidx     0x0000000008006148        0x8 c:/st/stm32cubeide_1.5.0/stm32cubeide/plugins/com.st.stm32cube.ide.mcu.externaltools.gnu-tools-for-stm32.9-2020-q2-update.win32_1.5.0.202011040924/tools/bin/../lib/gcc/arm-none-eabi/9.3.1/thumb/v7e-m+fp/hard\libgcc.a(_udivmoddi4.o)
                0x0000000008006150                __exidx_end = .
                0x0000000008006150                . = ALIGN (0x4)

.rel.dyn        0x0000000008006150        0x0
 .rel.iplt      0x0000000008006150        0x0 c:/st/stm32cubeide_1.5.0/stm32cubeide/plugins/com.st.stm32cube.ide.mcu.externaltools.gnu-tools-for-stm32.9-2020-q2-update.win32_1.5.0.202011040924/tools/bin/../lib/gcc/arm-none-eabi/9.3.1/thumb/v7e-m+fp/hard/crtbegin.o

.preinit_array  0x0000000008006150        0x0
                0x0000000008006150                . = ALIGN (0x4)
                0x0000000008006150                PROVIDE (__preinit_array_start = .)
 *(.preinit_array*)
                0x0000000008006150                PROVIDE (__preinit_array_end = .)
                0x0000000008006150                . = ALIGN (0x4)

.init_array     0x0000000008006150        0x4
                0x0000000008006150                . = ALIGN (0x4)
                0x0000000008006150                PROVIDE (__init_array_start = .)
 *(SORT_BY_NAME(.init_array.*))
 *(.init_array*)
 .init_array    0x0000000008006150        0x4 c:/st/stm32cubeide_1.5.0/stm32cubeide/plugins/com.st.stm32cube.ide.mcu.externaltools.gnu-tools-for-stm32.9-2020-q2-update.win32_1.5.0.202011040924/tools/bin/../lib/gcc/arm-none-eabi/9.3.1/thumb/v7e-m+fp/hard/crtbegin.o
                0x0000000008006154                PROVIDE (__init_array_end = .)
                0x0000000008006154                . = ALIGN (0x4)

.fini_array     0x0000000008006154        0x4
                0x0000000008006154                . = ALIGN (0x4)
                [!provide]                        PROVIDE (__fini_array_start = .)
 *(SORT_BY_NAME(.fini_array.*))
 *(.fini_array*)
 .fini_array    0x0000000008006154        0x4 c:/st/stm32cubeide_1.5.0/stm32cubeide/plugins/com.st.stm32cube.ide.mcu.externaltools.gnu-tools-for-stm32.9-2020-q2-update.win32_1.5.0.202011040924/tools/bin/../lib/gcc/arm-none-eabi/9.3.1/thumb/v7e-m+fp/hard/crtbegin.o
                [!provide]                        PROVIDE (__fini_array_end = .)
                0x0000000008006158                . = ALIGN (0x4)
                0x0000000008006158                _sidata = LOADADDR (.data)

.data           0x0000000020000000      0x1b8 load address 0x0000000008006158
                0x0000000020000000                . = ALIGN (0x4)
                0x0000000020000000                _sdata = .
 *(.data)
 *(.data*)
 .data.send_data
                0x0000000020000000        0x1 Core/Src/main.o
                0x0000000020000000                send_data
 *fill*         0x0000000020000001        0x3 
 .data.SystemCoreClock
                0x0000000020000004        0x4 Core/Src/system_stm32f4xx.o
                0x0000000020000004                SystemCoreClock
 .data.uwTickPrio
                0x0000000020000008        0x4 Drivers/STM32F4xx_HAL_Driver/Src/stm32f4xx_hal.o
                0x0000000020000008                uwTickPrio
 .data.uwTickFreq
                0x000000002000000c        0x1 Drivers/STM32F4xx_HAL_Driver/Src/stm32f4xx_hal.o
                0x000000002000000c                uwTickFreq
 *fill*         0x000000002000000d        0x3 
 .data.USBD_CUSTOM_HID
                0x0000000020000010       0x38 Middlewares/ST/STM32_USB_Device_Library/Class/CustomHID/Src/usbd_customhid.o
                0x0000000020000010                USBD_CUSTOM_HID
 .data.USBD_CUSTOM_HID_CfgFSDesc
                0x0000000020000048       0x29 Middlewares/ST/STM32_USB_Device_Library/Class/CustomHID/Src/usbd_customhid.o
 *fill*         0x0000000020000071        0x3 
 .data.USBD_CUSTOM_HID_CfgHSDesc
                0x0000000020000074       0x29 Middlewares/ST/STM32_USB_Device_Library/Class/CustomHID/Src/usbd_customhid.o
 *fill*         0x000000002000009d        0x3 
 .data.USBD_CUSTOM_HID_OtherSpeedCfgDesc
                0x00000000200000a0       0x29 Middlewares/ST/STM32_USB_Device_Library/Class/CustomHID/Src/usbd_customhid.o
 *fill*         0x00000000200000c9        0x3 
 .data.USBD_CUSTOM_HID_Desc
                0x00000000200000cc       0x40 Middlewares/ST/STM32_USB_Device_Library/Class/CustomHID/Src/usbd_customhid.o
 .data.USBD_CUSTOM_HID_DeviceQualifierDesc
                0x000000002000010c        0xa Middlewares/ST/STM32_USB_Device_Library/Class/CustomHID/Src/usbd_customhid.o
 *fill*         0x0000000020000116        0x2 
 .data.CUSTOM_HID_ReportDesc_FS
                0x0000000020000118       0x40 USB_DEVICE/App/usbd_custom_hid_if.o
 .data.USBD_CustomHID_fops_FS
                0x0000000020000158       0x10 USB_DEVICE/App/usbd_custom_hid_if.o
                0x0000000020000158                USBD_CustomHID_fops_FS
 .data.FS_Desc  0x0000000020000168       0x1c USB_DEVICE/App/usbd_desc.o
                0x0000000020000168                FS_Desc
 .data.USBD_FS_DeviceDesc
                0x0000000020000184       0x12 USB_DEVICE/App/usbd_desc.o
                0x0000000020000184                USBD_FS_DeviceDesc
 *fill*         0x0000000020000196        0x2 
 .data.USBD_LangIDDesc
                0x0000000020000198        0x4 USB_DEVICE/App/usbd_desc.o
                0x0000000020000198                USBD_LangIDDesc
 .data.USBD_StringSerial
                0x000000002000019c       0x1a USB_DEVICE/App/usbd_desc.o
                0x000000002000019c                USBD_StringSerial
 *(.RamFunc)
 *(.RamFunc*)
                0x00000000200001b8                . = ALIGN (0x4)
 *fill*         0x00000000200001b6        0x2 
                0x00000000200001b8                _edata = .

.igot.plt       0x00000000200001b8        0x0 load address 0x0000000008006310
 .igot.plt      0x00000000200001b8        0x0 c:/st/stm32cubeide_1.5.0/stm32cubeide/plugins/com.st.stm32cube.ide.mcu.externaltools.gnu-tools-for-stm32.9-2020-q2-update.win32_1.5.0.202011040924/tools/bin/../lib/gcc/arm-none-eabi/9.3.1/thumb/v7e-m+fp/hard/crtbegin.o
                0x00000000200001b8                . = ALIGN (0x4)

.bss            0x00000000200001b8      0x998 load address 0x0000000008006310
                0x00000000200001b8                _sbss = .
                0x00000000200001b8                __bss_start__ = _sbss
 *(.bss)
 .bss           0x00000000200001b8       0x1c c:/st/stm32cubeide_1.5.0/stm32cubeide/plugins/com.st.stm32cube.ide.mcu.externaltools.gnu-tools-for-stm32.9-2020-q2-update.win32_1.5.0.202011040924/tools/bin/../lib/gcc/arm-none-eabi/9.3.1/thumb/v7e-m+fp/hard/crtbegin.o
 *(.bss*)
 .bss.cfgidx.9758
                0x00000000200001d4        0x1 Middlewares/ST/STM32_USB_Device_Library/Core/Src/usbd_ctlreq.o
 *fill*         0x00000000200001d5        0x3 
 .bss.mem.9810  0x00000000200001d8       0x58 USB_DEVICE/Target/usbd_conf.o
 *(COMMON)
 COMMON         0x0000000020000230       0x41 Core/Src/main.o
                0x0000000020000230                usb_rx_buffer
                0x0000000020000270                i
 *fill*         0x0000000020000271        0x3 
 COMMON         0x0000000020000274        0x4 Drivers/STM32F4xx_HAL_Driver/Src/stm32f4xx_hal.o
                0x0000000020000274                uwTick
 COMMON         0x0000000020000278      0x2d0 USB_DEVICE/App/usb_device.o
                0x0000000020000278                hUsbDeviceFS
 COMMON         0x0000000020000548      0x200 USB_DEVICE/App/usbd_desc.o
                0x0000000020000548                USBD_StrDesc
 COMMON         0x0000000020000748      0x408 USB_DEVICE/Target/usbd_conf.o
                0x0000000020000748                hpcd_USB_OTG_FS
                0x0000000020000b50                . = ALIGN (0x4)
                0x0000000020000b50                _ebss = .
                0x0000000020000b50                __bss_end__ = _ebss

._user_heap_stack
                0x0000000020000b50      0x600 load address 0x0000000008006310
                0x0000000020000b50                . = ALIGN (0x8)
                [!provide]                        PROVIDE (end = .)
                0x0000000020000b50                PROVIDE (_end = .)
                0x0000000020000d50                . = (. + _Min_Heap_Size)
 *fill*         0x0000000020000b50      0x200 
                0x0000000020001150                . = (. + _Min_Stack_Size)
 *fill*         0x0000000020000d50      0x400 
                0x0000000020001150                . = ALIGN (0x8)

/DISCARD/
 libc.a(*)
 libm.a(*)
 libgcc.a(*)

.ARM.attributes
                0x0000000000000000       0x30
 *(.ARM.attributes)
 .ARM.attributes
                0x0000000000000000       0x1e c:/st/stm32cubeide_1.5.0/stm32cubeide/plugins/com.st.stm32cube.ide.mcu.externaltools.gnu-tools-for-stm32.9-2020-q2-update.win32_1.5.0.202011040924/tools/bin/../lib/gcc/arm-none-eabi/9.3.1/thumb/v7e-m+fp/hard/crti.o
 .ARM.attributes
                0x000000000000001e       0x34 c:/st/stm32cubeide_1.5.0/stm32cubeide/plugins/com.st.stm32cube.ide.mcu.externaltools.gnu-tools-for-stm32.9-2020-q2-update.win32_1.5.0.202011040924/tools/bin/../lib/gcc/arm-none-eabi/9.3.1/thumb/v7e-m+fp/hard/crtbegin.o
 .ARM.attributes
                0x0000000000000052       0x34 Core/Src/main.o
 .ARM.attributes
                0x0000000000000086       0x34 Core/Src/stm32f4xx_hal_msp.o
 .ARM.attributes
                0x00000000000000ba       0x34 Core/Src/stm32f4xx_it.o
 .ARM.attributes
                0x00000000000000ee       0x34 Core/Src/system_stm32f4xx.o
 .ARM.attributes
                0x0000000000000122       0x21 Core/Startup/startup_stm32f411vetx.o
 .ARM.attributes
                0x0000000000000143       0x34 Drivers/STM32F4xx_HAL_Driver/Src/stm32f4xx_hal.o
 .ARM.attributes
                0x0000000000000177       0x34 Drivers/STM32F4xx_HAL_Driver/Src/stm32f4xx_hal_cortex.o
 .ARM.attributes
                0x00000000000001ab       0x34 Drivers/STM32F4xx_HAL_Driver/Src/stm32f4xx_hal_gpio.o
 .ARM.attributes
                0x00000000000001df       0x34 Drivers/STM32F4xx_HAL_Driver/Src/stm32f4xx_hal_pcd.o
 .ARM.attributes
                0x0000000000000213       0x34 Drivers/STM32F4xx_HAL_Driver/Src/stm32f4xx_hal_pcd_ex.o
 .ARM.attributes
                0x0000000000000247       0x34 Drivers/STM32F4xx_HAL_Driver/Src/stm32f4xx_hal_rcc.o
 .ARM.attributes
                0x000000000000027b       0x34 Drivers/STM32F4xx_HAL_Driver/Src/stm32f4xx_ll_usb.o
 .ARM.attributes
                0x00000000000002af       0x34 Middlewares/ST/STM32_USB_Device_Library/Class/CustomHID/Src/usbd_customhid.o
 .ARM.attributes
                0x00000000000002e3       0x34 Middlewares/ST/STM32_USB_Device_Library/Core/Src/usbd_core.o
 .ARM.attributes
                0x0000000000000317       0x34 Middlewares/ST/STM32_USB_Device_Library/Core/Src/usbd_ctlreq.o
 .ARM.attributes
                0x000000000000034b       0x34 Middlewares/ST/STM32_USB_Device_Library/Core/Src/usbd_ioreq.o
 .ARM.attributes
                0x000000000000037f       0x34 USB_DEVICE/App/usb_device.o
 .ARM.attributes
                0x00000000000003b3       0x34 USB_DEVICE/App/usbd_custom_hid_if.o
 .ARM.attributes
                0x00000000000003e7       0x34 USB_DEVICE/App/usbd_desc.o
 .ARM.attributes
                0x000000000000041b       0x34 USB_DEVICE/Target/usbd_conf.o
 .ARM.attributes
                0x000000000000044f       0x34 c:/st/stm32cubeide_1.5.0/stm32cubeide/plugins/com.st.stm32cube.ide.mcu.externaltools.gnu-tools-for-stm32.9-2020-q2-update.win32_1.5.0.202011040924/tools/bin/../lib/gcc/arm-none-eabi/9.3.1/../../../../arm-none-eabi/lib/thumb/v7e-m+fp/hard\libc_nano.a(lib_a-init.o)
 .ARM.attributes
                0x0000000000000483       0x34 c:/st/stm32cubeide_1.5.0/stm32cubeide/plugins/com.st.stm32cube.ide.mcu.externaltools.gnu-tools-for-stm32.9-2020-q2-update.win32_1.5.0.202011040924/tools/bin/../lib/gcc/arm-none-eabi/9.3.1/../../../../arm-none-eabi/lib/thumb/v7e-m+fp/hard\libc_nano.a(lib_a-memset.o)
 .ARM.attributes
                0x00000000000004b7       0x1e c:/st/stm32cubeide_1.5.0/stm32cubeide/plugins/com.st.stm32cube.ide.mcu.externaltools.gnu-tools-for-stm32.9-2020-q2-update.win32_1.5.0.202011040924/tools/bin/../lib/gcc/arm-none-eabi/9.3.1/thumb/v7e-m+fp/hard\libgcc.a(_aeabi_uldivmod.o)
 .ARM.attributes
                0x00000000000004d5       0x34 c:/st/stm32cubeide_1.5.0/stm32cubeide/plugins/com.st.stm32cube.ide.mcu.externaltools.gnu-tools-for-stm32.9-2020-q2-update.win32_1.5.0.202011040924/tools/bin/../lib/gcc/arm-none-eabi/9.3.1/thumb/v7e-m+fp/hard\libgcc.a(_udivmoddi4.o)
 .ARM.attributes
                0x0000000000000509       0x1e c:/st/stm32cubeide_1.5.0/stm32cubeide/plugins/com.st.stm32cube.ide.mcu.externaltools.gnu-tools-for-stm32.9-2020-q2-update.win32_1.5.0.202011040924/tools/bin/../lib/gcc/arm-none-eabi/9.3.1/thumb/v7e-m+fp/hard\libgcc.a(_dvmd_tls.o)
 .ARM.attributes
                0x0000000000000527       0x1e c:/st/stm32cubeide_1.5.0/stm32cubeide/plugins/com.st.stm32cube.ide.mcu.externaltools.gnu-tools-for-stm32.9-2020-q2-update.win32_1.5.0.202011040924/tools/bin/../lib/gcc/arm-none-eabi/9.3.1/thumb/v7e-m+fp/hard/crtn.o
OUTPUT(2_USB_CUSTOM_HID.elf elf32-littlearm)
LOAD linker stubs
LOAD c:/st/stm32cubeide_1.5.0/stm32cubeide/plugins/com.st.stm32cube.ide.mcu.externaltools.gnu-tools-for-stm32.9-2020-q2-update.win32_1.5.0.202011040924/tools/bin/../lib/gcc/arm-none-eabi/9.3.1/../../../../arm-none-eabi/lib/thumb/v7e-m+fp/hard\libc.a
LOAD c:/st/stm32cubeide_1.5.0/stm32cubeide/plugins/com.st.stm32cube.ide.mcu.externaltools.gnu-tools-for-stm32.9-2020-q2-update.win32_1.5.0.202011040924/tools/bin/../lib/gcc/arm-none-eabi/9.3.1/../../../../arm-none-eabi/lib/thumb/v7e-m+fp/hard\libm.a
LOAD c:/st/stm32cubeide_1.5.0/stm32cubeide/plugins/com.st.stm32cube.ide.mcu.externaltools.gnu-tools-for-stm32.9-2020-q2-update.win32_1.5.0.202011040924/tools/bin/../lib/gcc/arm-none-eabi/9.3.1/thumb/v7e-m+fp/hard\libgcc.a

.debug_info     0x0000000000000000    0x11ffa
 .debug_info    0x0000000000000000     0x14db Core/Src/main.o
 .debug_info    0x00000000000014db      0x3c0 Core/Src/stm32f4xx_hal_msp.o
 .debug_info    0x000000000000189b      0x6db Core/Src/stm32f4xx_it.o
 .debug_info    0x0000000000001f76      0x5d0 Core/Src/system_stm32f4xx.o
 .debug_info    0x0000000000002546       0x22 Core/Startup/startup_stm32f411vetx.o
 .debug_info    0x0000000000002568      0x944 Drivers/STM32F4xx_HAL_Driver/Src/stm32f4xx_hal.o
 .debug_info    0x0000000000002eac      0xe47 Drivers/STM32F4xx_HAL_Driver/Src/stm32f4xx_hal_cortex.o
 .debug_info    0x0000000000003cf3      0x862 Drivers/STM32F4xx_HAL_Driver/Src/stm32f4xx_hal_gpio.o
 .debug_info    0x0000000000004555     0x12d5 Drivers/STM32F4xx_HAL_Driver/Src/stm32f4xx_hal_pcd.o
 .debug_info    0x000000000000582a      0x7c3 Drivers/STM32F4xx_HAL_Driver/Src/stm32f4xx_hal_pcd_ex.o
 .debug_info    0x0000000000005fed      0x9be Drivers/STM32F4xx_HAL_Driver/Src/stm32f4xx_hal_rcc.o
 .debug_info    0x00000000000069ab     0x1a8c Drivers/STM32F4xx_HAL_Driver/Src/stm32f4xx_ll_usb.o
 .debug_info    0x0000000000008437     0x1411 Middlewares/ST/STM32_USB_Device_Library/Class/CustomHID/Src/usbd_customhid.o
 .debug_info    0x0000000000009848     0x13a7 Middlewares/ST/STM32_USB_Device_Library/Core/Src/usbd_core.o
 .debug_info    0x000000000000abef     0x1373 Middlewares/ST/STM32_USB_Device_Library/Core/Src/usbd_ctlreq.o
 .debug_info    0x000000000000bf62     0x1095 Middlewares/ST/STM32_USB_Device_Library/Core/Src/usbd_ioreq.o
 .debug_info    0x000000000000cff7      0xfad USB_DEVICE/App/usb_device.o
 .debug_info    0x000000000000dfa4     0x101f USB_DEVICE/App/usbd_custom_hid_if.o
 .debug_info    0x000000000000efc3      0xdfa USB_DEVICE/App/usbd_desc.o
 .debug_info    0x000000000000fdbd     0x223d USB_DEVICE/Target/usbd_conf.o

.debug_abbrev   0x0000000000000000     0x2c84
 .debug_abbrev  0x0000000000000000      0x2b2 Core/Src/main.o
 .debug_abbrev  0x00000000000002b2      0x11d Core/Src/stm32f4xx_hal_msp.o
 .debug_abbrev  0x00000000000003cf      0x184 Core/Src/stm32f4xx_it.o
 .debug_abbrev  0x0000000000000553      0x145 Core/Src/system_stm32f4xx.o
 .debug_abbrev  0x0000000000000698       0x12 Core/Startup/startup_stm32f411vetx.o
 .debug_abbrev  0x00000000000006aa      0x21e Drivers/STM32F4xx_HAL_Driver/Src/stm32f4xx_hal.o
 .debug_abbrev  0x00000000000008c8      0x33c Drivers/STM32F4xx_HAL_Driver/Src/stm32f4xx_hal_cortex.o
 .debug_abbrev  0x0000000000000c04      0x1f1 Drivers/STM32F4xx_HAL_Driver/Src/stm32f4xx_hal_gpio.o
 .debug_abbrev  0x0000000000000df5      0x2a0 Drivers/STM32F4xx_HAL_Driver/Src/stm32f4xx_hal_pcd.o
 .debug_abbrev  0x0000000000001095      0x1fb Drivers/STM32F4xx_HAL_Driver/Src/stm32f4xx_hal_pcd_ex.o
 .debug_abbrev  0x0000000000001290      0x275 Drivers/STM32F4xx_HAL_Driver/Src/stm32f4xx_hal_rcc.o
 .debug_abbrev  0x0000000000001505      0x2a7 Drivers/STM32F4xx_HAL_Driver/Src/stm32f4xx_ll_usb.o
 .debug_abbrev  0x00000000000017ac      0x2e0 Middlewares/ST/STM32_USB_Device_Library/Class/CustomHID/Src/usbd_customhid.o
 .debug_abbrev  0x0000000000001a8c      0x2b7 Middlewares/ST/STM32_USB_Device_Library/Core/Src/usbd_core.o
 .debug_abbrev  0x0000000000001d43      0x2fc Middlewares/ST/STM32_USB_Device_Library/Core/Src/usbd_ctlreq.o
 .debug_abbrev  0x000000000000203f      0x22a Middlewares/ST/STM32_USB_Device_Library/Core/Src/usbd_ioreq.o
 .debug_abbrev  0x0000000000002269      0x204 USB_DEVICE/App/usb_device.o
 .debug_abbrev  0x000000000000246d      0x241 USB_DEVICE/App/usbd_custom_hid_if.o
 .debug_abbrev  0x00000000000026ae      0x2aa USB_DEVICE/App/usbd_desc.o
 .debug_abbrev  0x0000000000002958      0x32c USB_DEVICE/Target/usbd_conf.o

.debug_aranges  0x0000000000000000      0xae0
 .debug_aranges
                0x0000000000000000       0x40 Core/Src/main.o
 .debug_aranges
                0x0000000000000040       0x20 Core/Src/stm32f4xx_hal_msp.o
 .debug_aranges
                0x0000000000000060       0x68 Core/Src/stm32f4xx_it.o
 .debug_aranges
                0x00000000000000c8       0x28 Core/Src/system_stm32f4xx.o
 .debug_aranges
                0x00000000000000f0       0x28 Core/Startup/startup_stm32f411vetx.o
 .debug_aranges
                0x0000000000000118       0xf0 Drivers/STM32F4xx_HAL_Driver/Src/stm32f4xx_hal.o
 .debug_aranges
                0x0000000000000208      0x118 Drivers/STM32F4xx_HAL_Driver/Src/stm32f4xx_hal_cortex.o
 .debug_aranges
                0x0000000000000320       0x58 Drivers/STM32F4xx_HAL_Driver/Src/stm32f4xx_hal_gpio.o
 .debug_aranges
                0x0000000000000378      0x138 Drivers/STM32F4xx_HAL_Driver/Src/stm32f4xx_hal_pcd.o
 .debug_aranges
                0x00000000000004b0       0x38 Drivers/STM32F4xx_HAL_Driver/Src/stm32f4xx_hal_pcd_ex.o
 .debug_aranges
                0x00000000000004e8       0x88 Drivers/STM32F4xx_HAL_Driver/Src/stm32f4xx_hal_rcc.o
 .debug_aranges
                0x0000000000000570      0x198 Drivers/STM32F4xx_HAL_Driver/Src/stm32f4xx_ll_usb.o
 .debug_aranges
                0x0000000000000708       0x80 Middlewares/ST/STM32_USB_Device_Library/Class/CustomHID/Src/usbd_customhid.o
 .debug_aranges
                0x0000000000000788       0xb8 Middlewares/ST/STM32_USB_Device_Library/Core/Src/usbd_core.o
 .debug_aranges
                0x0000000000000840       0x90 Middlewares/ST/STM32_USB_Device_Library/Core/Src/usbd_ctlreq.o
 .debug_aranges
                0x00000000000008d0       0x50 Middlewares/ST/STM32_USB_Device_Library/Core/Src/usbd_ioreq.o
 .debug_aranges
                0x0000000000000920       0x20 USB_DEVICE/App/usb_device.o
 .debug_aranges
                0x0000000000000940       0x30 USB_DEVICE/App/usbd_custom_hid_if.o
 .debug_aranges
                0x0000000000000970       0x60 USB_DEVICE/App/usbd_desc.o
 .debug_aranges
                0x00000000000009d0      0x110 USB_DEVICE/Target/usbd_conf.o

.debug_ranges   0x0000000000000000      0x9a8
 .debug_ranges  0x0000000000000000       0x30 Core/Src/main.o
 .debug_ranges  0x0000000000000030       0x10 Core/Src/stm32f4xx_hal_msp.o
 .debug_ranges  0x0000000000000040       0x58 Core/Src/stm32f4xx_it.o
 .debug_ranges  0x0000000000000098       0x18 Core/Src/system_stm32f4xx.o
 .debug_ranges  0x00000000000000b0       0x20 Core/Startup/startup_stm32f411vetx.o
 .debug_ranges  0x00000000000000d0       0xe0 Drivers/STM32F4xx_HAL_Driver/Src/stm32f4xx_hal.o
 .debug_ranges  0x00000000000001b0      0x108 Drivers/STM32F4xx_HAL_Driver/Src/stm32f4xx_hal_cortex.o
 .debug_ranges  0x00000000000002b8       0x48 Drivers/STM32F4xx_HAL_Driver/Src/stm32f4xx_hal_gpio.o
 .debug_ranges  0x0000000000000300      0x128 Drivers/STM32F4xx_HAL_Driver/Src/stm32f4xx_hal_pcd.o
 .debug_ranges  0x0000000000000428       0x28 Drivers/STM32F4xx_HAL_Driver/Src/stm32f4xx_hal_pcd_ex.o
 .debug_ranges  0x0000000000000450       0x78 Drivers/STM32F4xx_HAL_Driver/Src/stm32f4xx_hal_rcc.o
 .debug_ranges  0x00000000000004c8      0x188 Drivers/STM32F4xx_HAL_Driver/Src/stm32f4xx_ll_usb.o
 .debug_ranges  0x0000000000000650       0x70 Middlewares/ST/STM32_USB_Device_Library/Class/CustomHID/Src/usbd_customhid.o
 .debug_ranges  0x00000000000006c0       0xa8 Middlewares/ST/STM32_USB_Device_Library/Core/Src/usbd_core.o
 .debug_ranges  0x0000000000000768       0x80 Middlewares/ST/STM32_USB_Device_Library/Core/Src/usbd_ctlreq.o
 .debug_ranges  0x00000000000007e8       0x40 Middlewares/ST/STM32_USB_Device_Library/Core/Src/usbd_ioreq.o
 .debug_ranges  0x0000000000000828       0x10 USB_DEVICE/App/usb_device.o
 .debug_ranges  0x0000000000000838       0x20 USB_DEVICE/App/usbd_custom_hid_if.o
 .debug_ranges  0x0000000000000858       0x50 USB_DEVICE/App/usbd_desc.o
 .debug_ranges  0x00000000000008a8      0x100 USB_DEVICE/Target/usbd_conf.o

.debug_macro    0x0000000000000000    0x180f4
 .debug_macro   0x0000000000000000      0x40e Core/Src/main.o
 .debug_macro   0x000000000000040e      0xaa8 Core/Src/main.o
 .debug_macro   0x0000000000000eb6      0x295 Core/Src/main.o
 .debug_macro   0x000000000000114b       0x2e Core/Src/main.o
 .debug_macro   0x0000000000001179       0x28 Core/Src/main.o
 .debug_macro   0x00000000000011a1       0x22 Core/Src/main.o
 .debug_macro   0x00000000000011c3       0x8e Core/Src/main.o
 .debug_macro   0x0000000000001251       0x51 Core/Src/main.o
 .debug_macro   0x00000000000012a2      0x103 Core/Src/main.o
 .debug_macro   0x00000000000013a5       0x6a Core/Src/main.o
 .debug_macro   0x000000000000140f      0x1df Core/Src/main.o
 .debug_macro   0x00000000000015ee       0x1c Core/Src/main.o
 .debug_macro   0x000000000000160a       0x22 Core/Src/main.o
 .debug_macro   0x000000000000162c       0xdf Core/Src/main.o
 .debug_macro   0x000000000000170b     0x102d Core/Src/main.o
 .debug_macro   0x0000000000002738      0x11f Core/Src/main.o
 .debug_macro   0x0000000000002857     0xb937 Core/Src/main.o
 .debug_macro   0x000000000000e18e       0x43 Core/Src/main.o
 .debug_macro   0x000000000000e1d1     0x3659 Core/Src/main.o
 .debug_macro   0x000000000001182a      0x174 Core/Src/main.o
 .debug_macro   0x000000000001199e       0x5c Core/Src/main.o
 .debug_macro   0x00000000000119fa      0x447 Core/Src/main.o
 .debug_macro   0x0000000000011e41      0x9fe Core/Src/main.o
 .debug_macro   0x000000000001283f      0x117 Core/Src/main.o
 .debug_macro   0x0000000000012956      0x11b Core/Src/main.o
 .debug_macro   0x0000000000012a71       0x82 Core/Src/main.o
 .debug_macro   0x0000000000012af3      0x15f Core/Src/main.o
 .debug_macro   0x0000000000012c52      0x287 Core/Src/main.o
 .debug_macro   0x0000000000012ed9       0x5f Core/Src/main.o
 .debug_macro   0x0000000000012f38      0x236 Core/Src/main.o
 .debug_macro   0x000000000001316e      0x132 Core/Src/main.o
 .debug_macro   0x00000000000132a0      0x264 Core/Src/main.o
 .debug_macro   0x0000000000013504       0x2e Core/Src/main.o
 .debug_macro   0x0000000000013532      0x11a Core/Src/main.o
 .debug_macro   0x000000000001364c       0x85 Core/Src/main.o
 .debug_macro   0x00000000000136d1       0x89 Core/Src/main.o
 .debug_macro   0x000000000001375a      0x21e Core/Src/main.o
 .debug_macro   0x0000000000013978       0xba Core/Src/main.o
 .debug_macro   0x0000000000013a32      0x126 Core/Src/main.o
 .debug_macro   0x0000000000013b58       0x52 Core/Src/main.o
 .debug_macro   0x0000000000013baa       0x18 Core/Src/main.o
 .debug_macro   0x0000000000013bc2       0x3c Core/Src/main.o
 .debug_macro   0x0000000000013bfe       0x34 Core/Src/main.o
 .debug_macro   0x0000000000013c32       0x16 Core/Src/main.o
 .debug_macro   0x0000000000013c48       0x35 Core/Src/main.o
 .debug_macro   0x0000000000013c7d      0x333 Core/Src/main.o
 .debug_macro   0x0000000000013fb0       0x10 Core/Src/main.o
 .debug_macro   0x0000000000013fc0       0x16 Core/Src/main.o
 .debug_macro   0x0000000000013fd6       0x43 Core/Src/main.o
 .debug_macro   0x0000000000014019       0x34 Core/Src/main.o
 .debug_macro   0x000000000001404d       0x10 Core/Src/main.o
 .debug_macro   0x000000000001405d       0x58 Core/Src/main.o
 .debug_macro   0x00000000000140b5       0x71 Core/Src/main.o
 .debug_macro   0x0000000000014126       0x1c Core/Src/main.o
 .debug_macro   0x0000000000014142      0x12a Core/Src/main.o
 .debug_macro   0x000000000001426c       0x10 Core/Src/main.o
 .debug_macro   0x000000000001427c       0x1c Core/Src/main.o
 .debug_macro   0x0000000000014298       0x52 Core/Src/main.o
 .debug_macro   0x00000000000142ea       0x22 Core/Src/main.o
 .debug_macro   0x000000000001430c       0x10 Core/Src/main.o
 .debug_macro   0x000000000001431c       0x40 Core/Src/main.o
 .debug_macro   0x000000000001435c       0xd5 Core/Src/main.o
 .debug_macro   0x0000000000014431       0x1c Core/Src/main.o
 .debug_macro   0x000000000001444d       0x3d Core/Src/main.o
 .debug_macro   0x000000000001448a       0x16 Core/Src/main.o
 .debug_macro   0x00000000000144a0      0x145 Core/Src/main.o
 .debug_macro   0x00000000000145e5       0x16 Core/Src/main.o
 .debug_macro   0x00000000000145fb       0x16 Core/Src/main.o
 .debug_macro   0x0000000000014611       0x29 Core/Src/main.o
 .debug_macro   0x000000000001463a       0x16 Core/Src/main.o
 .debug_macro   0x0000000000014650       0x20 Core/Src/main.o
 .debug_macro   0x0000000000014670       0x78 Core/Src/main.o
 .debug_macro   0x00000000000146e8      0x1ef Core/Src/main.o
 .debug_macro   0x00000000000148d7       0x65 Core/Src/main.o
 .debug_macro   0x000000000001493c      0x1de Core/Src/stm32f4xx_hal_msp.o
 .debug_macro   0x0000000000014b1a      0x1e8 Core/Src/stm32f4xx_it.o
 .debug_macro   0x0000000000014d02      0x1d4 Core/Src/system_stm32f4xx.o
 .debug_macro   0x0000000000014ed6      0x234 Drivers/STM32F4xx_HAL_Driver/Src/stm32f4xx_hal.o
 .debug_macro   0x000000000001510a      0x1d4 Drivers/STM32F4xx_HAL_Driver/Src/stm32f4xx_hal_cortex.o
 .debug_macro   0x00000000000152de      0x1da Drivers/STM32F4xx_HAL_Driver/Src/stm32f4xx_hal_gpio.o
 .debug_macro   0x00000000000154b8      0x1e0 Drivers/STM32F4xx_HAL_Driver/Src/stm32f4xx_hal_pcd.o
 .debug_macro   0x0000000000015698      0x1d4 Drivers/STM32F4xx_HAL_Driver/Src/stm32f4xx_hal_pcd_ex.o
 .debug_macro   0x000000000001586c      0x1f8 Drivers/STM32F4xx_HAL_Driver/Src/stm32f4xx_hal_rcc.o
 .debug_macro   0x0000000000015a64      0x1d4 Drivers/STM32F4xx_HAL_Driver/Src/stm32f4xx_ll_usb.o
 .debug_macro   0x0000000000015c38      0x3f4 Middlewares/ST/STM32_USB_Device_Library/Class/CustomHID/Src/usbd_customhid.o
 .debug_macro   0x000000000001602c       0x97 Middlewares/ST/STM32_USB_Device_Library/Class/CustomHID/Src/usbd_customhid.o
 .debug_macro   0x00000000000160c3       0xfd Middlewares/ST/STM32_USB_Device_Library/Class/CustomHID/Src/usbd_customhid.o
 .debug_macro   0x00000000000161c0       0xd9 Middlewares/ST/STM32_USB_Device_Library/Class/CustomHID/Src/usbd_customhid.o
 .debug_macro   0x0000000000016299       0x56 Middlewares/ST/STM32_USB_Device_Library/Class/CustomHID/Src/usbd_customhid.o
 .debug_macro   0x00000000000162ef      0x3db Middlewares/ST/STM32_USB_Device_Library/Core/Src/usbd_core.o
 .debug_macro   0x00000000000166ca      0x1f5 Middlewares/ST/STM32_USB_Device_Library/Core/Src/usbd_core.o
 .debug_macro   0x00000000000168bf      0x3e5 Middlewares/ST/STM32_USB_Device_Library/Core/Src/usbd_ctlreq.o
 .debug_macro   0x0000000000016ca4      0x3e1 Middlewares/ST/STM32_USB_Device_Library/Core/Src/usbd_ioreq.o
 .debug_macro   0x0000000000017085      0x41b USB_DEVICE/App/usb_device.o
 .debug_macro   0x00000000000174a0       0x22 USB_DEVICE/App/usb_device.o
 .debug_macro   0x00000000000174c2      0x3fa USB_DEVICE/App/usbd_custom_hid_if.o
 .debug_macro   0x00000000000178bc      0x41e USB_DEVICE/App/usbd_desc.o
 .debug_macro   0x0000000000017cda       0x1c USB_DEVICE/App/usbd_desc.o
 .debug_macro   0x0000000000017cf6      0x3fe USB_DEVICE/Target/usbd_conf.o

.debug_line     0x0000000000000000     0xe613
 .debug_line    0x0000000000000000      0xb33 Core/Src/main.o
 .debug_line    0x0000000000000b33      0x6c5 Core/Src/stm32f4xx_hal_msp.o
 .debug_line    0x00000000000011f8      0x79f Core/Src/stm32f4xx_it.o
 .debug_line    0x0000000000001997      0x746 Core/Src/system_stm32f4xx.o
 .debug_line    0x00000000000020dd       0x88 Core/Startup/startup_stm32f411vetx.o
 .debug_line    0x0000000000002165      0x9ac Drivers/STM32F4xx_HAL_Driver/Src/stm32f4xx_hal.o
 .debug_line    0x0000000000002b11      0xc5b Drivers/STM32F4xx_HAL_Driver/Src/stm32f4xx_hal_cortex.o
 .debug_line    0x000000000000376c      0xae8 Drivers/STM32F4xx_HAL_Driver/Src/stm32f4xx_hal_gpio.o
 .debug_line    0x0000000000004254     0x12f7 Drivers/STM32F4xx_HAL_Driver/Src/stm32f4xx_hal_pcd.o
 .debug_line    0x000000000000554b      0x78f Drivers/STM32F4xx_HAL_Driver/Src/stm32f4xx_hal_pcd_ex.o
 .debug_line    0x0000000000005cda      0xd28 Drivers/STM32F4xx_HAL_Driver/Src/stm32f4xx_hal_rcc.o
 .debug_line    0x0000000000006a02     0x187d Drivers/STM32F4xx_HAL_Driver/Src/stm32f4xx_ll_usb.o
 .debug_line    0x000000000000827f      0xd0c Middlewares/ST/STM32_USB_Device_Library/Class/CustomHID/Src/usbd_customhid.o
 .debug_line    0x0000000000008f8b      0xe15 Middlewares/ST/STM32_USB_Device_Library/Core/Src/usbd_core.o
 .debug_line    0x0000000000009da0     0x1095 Middlewares/ST/STM32_USB_Device_Library/Core/Src/usbd_ctlreq.o
 .debug_line    0x000000000000ae35      0xa6c Middlewares/ST/STM32_USB_Device_Library/Core/Src/usbd_ioreq.o
 .debug_line    0x000000000000b8a1      0xa3b USB_DEVICE/App/usb_device.o
 .debug_line    0x000000000000c2dc      0xa36 USB_DEVICE/App/usbd_custom_hid_if.o
 .debug_line    0x000000000000cd12      0xaf1 USB_DEVICE/App/usbd_desc.o
 .debug_line    0x000000000000d803      0xe10 USB_DEVICE/Target/usbd_conf.o

.debug_str      0x0000000000000000    0x869b6
 .debug_str     0x0000000000000000    0x83acd Core/Src/main.o
                                      0x83eb3 (size before relaxing)
 .debug_str     0x0000000000083acd       0x2c Core/Src/stm32f4xx_hal_msp.o
                                      0x7e96e (size before relaxing)
 .debug_str     0x0000000000083af9      0x427 Core/Src/stm32f4xx_it.o
                                      0x7ec9f (size before relaxing)
 .debug_str     0x0000000000083f20       0xaf Core/Src/system_stm32f4xx.o
                                      0x7e9e0 (size before relaxing)
 .debug_str     0x0000000000083fcf       0x36 Core/Startup/startup_stm32f411vetx.o
                                         0x6d (size before relaxing)
 .debug_str     0x0000000000084005      0x90f Drivers/STM32F4xx_HAL_Driver/Src/stm32f4xx_hal.o
                                      0x7f36a (size before relaxing)
 .debug_str     0x0000000000084914      0x3a5 Drivers/STM32F4xx_HAL_Driver/Src/stm32f4xx_hal_cortex.o
                                      0x7f147 (size before relaxing)
 .debug_str     0x0000000000084cb9      0x1cd Drivers/STM32F4xx_HAL_Driver/Src/stm32f4xx_hal_gpio.o
                                      0x7eb87 (size before relaxing)
 .debug_str     0x0000000000084e86      0x564 Drivers/STM32F4xx_HAL_Driver/Src/stm32f4xx_hal_pcd.o
                                      0x7f1b8 (size before relaxing)
 .debug_str     0x00000000000853ea      0x13f Drivers/STM32F4xx_HAL_Driver/Src/stm32f4xx_hal_pcd_ex.o
                                      0x7ed83 (size before relaxing)
 .debug_str     0x0000000000085529      0x269 Drivers/STM32F4xx_HAL_Driver/Src/stm32f4xx_hal_rcc.o
                                      0x7ede2 (size before relaxing)
 .debug_str     0x0000000000085792      0x690 Drivers/STM32F4xx_HAL_Driver/Src/stm32f4xx_ll_usb.o
                                      0x7f2d9 (size before relaxing)
 .debug_str     0x0000000000085e22      0x2c7 Middlewares/ST/STM32_USB_Device_Library/Class/CustomHID/Src/usbd_customhid.o
                                      0x83e49 (size before relaxing)
 .debug_str     0x00000000000860e9      0x1a2 Middlewares/ST/STM32_USB_Device_Library/Core/Src/usbd_core.o
                                      0x83a97 (size before relaxing)
 .debug_str     0x000000000008628b      0x14d Middlewares/ST/STM32_USB_Device_Library/Core/Src/usbd_ctlreq.o
                                      0x83a55 (size before relaxing)
 .debug_str     0x00000000000863d8       0xc9 Middlewares/ST/STM32_USB_Device_Library/Core/Src/usbd_ioreq.o
                                      0x839a5 (size before relaxing)
 .debug_str     0x00000000000864a1       0xb5 USB_DEVICE/App/usb_device.o
                                      0x83c1f (size before relaxing)
 .debug_str     0x0000000000086556       0x89 USB_DEVICE/App/usbd_custom_hid_if.o
                                      0x83be4 (size before relaxing)
 .debug_str     0x00000000000865df      0x283 USB_DEVICE/App/usbd_desc.o
                                      0x8390c (size before relaxing)
 .debug_str     0x0000000000086862      0x154 USB_DEVICE/Target/usbd_conf.o
                                      0x846fd (size before relaxing)

.comment        0x0000000000000000       0x53
 .comment       0x0000000000000000       0x53 Core/Src/main.o
                                         0x54 (size before relaxing)
 .comment       0x0000000000000053       0x54 Core/Src/stm32f4xx_hal_msp.o
 .comment       0x0000000000000053       0x54 Core/Src/stm32f4xx_it.o
 .comment       0x0000000000000053       0x54 Core/Src/system_stm32f4xx.o
 .comment       0x0000000000000053       0x54 Drivers/STM32F4xx_HAL_Driver/Src/stm32f4xx_hal.o
 .comment       0x0000000000000053       0x54 Drivers/STM32F4xx_HAL_Driver/Src/stm32f4xx_hal_cortex.o
 .comment       0x0000000000000053       0x54 Drivers/STM32F4xx_HAL_Driver/Src/stm32f4xx_hal_gpio.o
 .comment       0x0000000000000053       0x54 Drivers/STM32F4xx_HAL_Driver/Src/stm32f4xx_hal_pcd.o
 .comment       0x0000000000000053       0x54 Drivers/STM32F4xx_HAL_Driver/Src/stm32f4xx_hal_pcd_ex.o
 .comment       0x0000000000000053       0x54 Drivers/STM32F4xx_HAL_Driver/Src/stm32f4xx_hal_rcc.o
 .comment       0x0000000000000053       0x54 Drivers/STM32F4xx_HAL_Driver/Src/stm32f4xx_ll_usb.o
 .comment       0x0000000000000053       0x54 Middlewares/ST/STM32_USB_Device_Library/Class/CustomHID/Src/usbd_customhid.o
 .comment       0x0000000000000053       0x54 Middlewares/ST/STM32_USB_Device_Library/Core/Src/usbd_core.o
 .comment       0x0000000000000053       0x54 Middlewares/ST/STM32_USB_Device_Library/Core/Src/usbd_ctlreq.o
 .comment       0x0000000000000053       0x54 Middlewares/ST/STM32_USB_Device_Library/Core/Src/usbd_ioreq.o
 .comment       0x0000000000000053       0x54 USB_DEVICE/App/usb_device.o
 .comment       0x0000000000000053       0x54 USB_DEVICE/App/usbd_custom_hid_if.o
 .comment       0x0000000000000053       0x54 USB_DEVICE/App/usbd_desc.o
 .comment       0x0000000000000053       0x54 USB_DEVICE/Target/usbd_conf.o

.debug_frame    0x0000000000000000     0x2ad0
 .debug_frame   0x0000000000000000       0xb8 Core/Src/main.o
 .debug_frame   0x00000000000000b8       0x38 Core/Src/stm32f4xx_hal_msp.o
 .debug_frame   0x00000000000000f0      0x120 Core/Src/stm32f4xx_it.o
 .debug_frame   0x0000000000000210       0x58 Core/Src/system_stm32f4xx.o
 .debug_frame   0x0000000000000268      0x374 Drivers/STM32F4xx_HAL_Driver/Src/stm32f4xx_hal.o
 .debug_frame   0x00000000000005dc      0x498 Drivers/STM32F4xx_HAL_Driver/Src/stm32f4xx_hal_cortex.o
 .debug_frame   0x0000000000000a74      0x14c Drivers/STM32F4xx_HAL_Driver/Src/stm32f4xx_hal_gpio.o
 .debug_frame   0x0000000000000bc0      0x574 Drivers/STM32F4xx_HAL_Driver/Src/stm32f4xx_hal_pcd.o
 .debug_frame   0x0000000000001134       0xb0 Drivers/STM32F4xx_HAL_Driver/Src/stm32f4xx_hal_pcd_ex.o
 .debug_frame   0x00000000000011e4      0x1f0 Drivers/STM32F4xx_HAL_Driver/Src/stm32f4xx_hal_rcc.o
 .debug_frame   0x00000000000013d4      0x798 Drivers/STM32F4xx_HAL_Driver/Src/stm32f4xx_ll_usb.o
 .debug_frame   0x0000000000001b6c      0x200 Middlewares/ST/STM32_USB_Device_Library/Class/CustomHID/Src/usbd_customhid.o
 .debug_frame   0x0000000000001d6c      0x2f4 Middlewares/ST/STM32_USB_Device_Library/Core/Src/usbd_core.o
 .debug_frame   0x0000000000002060      0x23c Middlewares/ST/STM32_USB_Device_Library/Core/Src/usbd_ctlreq.o
 .debug_frame   0x000000000000229c      0x10c Middlewares/ST/STM32_USB_Device_Library/Core/Src/usbd_ioreq.o
 .debug_frame   0x00000000000023a8       0x2c USB_DEVICE/App/usb_device.o
 .debug_frame   0x00000000000023d4       0x74 USB_DEVICE/App/usbd_custom_hid_if.o
 .debug_frame   0x0000000000002448      0x160 USB_DEVICE/App/usbd_desc.o
 .debug_frame   0x00000000000025a8      0x47c USB_DEVICE/Target/usbd_conf.o
 .debug_frame   0x0000000000002a24       0x2c c:/st/stm32cubeide_1.5.0/stm32cubeide/plugins/com.st.stm32cube.ide.mcu.externaltools.gnu-tools-for-stm32.9-2020-q2-update.win32_1.5.0.202011040924/tools/bin/../lib/gcc/arm-none-eabi/9.3.1/../../../../arm-none-eabi/lib/thumb/v7e-m+fp/hard\libc_nano.a(lib_a-init.o)
 .debug_frame   0x0000000000002a50       0x20 c:/st/stm32cubeide_1.5.0/stm32cubeide/plugins/com.st.stm32cube.ide.mcu.externaltools.gnu-tools-for-stm32.9-2020-q2-update.win32_1.5.0.202011040924/tools/bin/../lib/gcc/arm-none-eabi/9.3.1/../../../../arm-none-eabi/lib/thumb/v7e-m+fp/hard\libc_nano.a(lib_a-memset.o)
 .debug_frame   0x0000000000002a70       0x2c c:/st/stm32cubeide_1.5.0/stm32cubeide/plugins/com.st.stm32cube.ide.mcu.externaltools.gnu-tools-for-stm32.9-2020-q2-update.win32_1.5.0.202011040924/tools/bin/../lib/gcc/arm-none-eabi/9.3.1/thumb/v7e-m+fp/hard\libgcc.a(_aeabi_uldivmod.o)
 .debug_frame   0x0000000000002a9c       0x34 c:/st/stm32cubeide_1.5.0/stm32cubeide/plugins/com.st.stm32cube.ide.mcu.externaltools.gnu-tools-for-stm32.9-2020-q2-update.win32_1.5.0.202011040924/tools/bin/../lib/gcc/arm-none-eabi/9.3.1/thumb/v7e-m+fp/hard\libgcc.a(_udivmoddi4.o)
